#! /usr/bin/vvp
:ivl_version "12.0 (stable)";
:ivl_delay_selection "TYPICAL";
:vpi_time_precision - 12;
:vpi_module "/usr/lib/x86_64-linux-gnu/ivl/system.vpi";
:vpi_module "/usr/lib/x86_64-linux-gnu/ivl/vhdl_sys.vpi";
:vpi_module "/usr/lib/x86_64-linux-gnu/ivl/vhdl_textio.vpi";
:vpi_module "/usr/lib/x86_64-linux-gnu/ivl/v2005_math.vpi";
:vpi_module "/usr/lib/x86_64-linux-gnu/ivl/va_math.vpi";
:vpi_module "/usr/lib/x86_64-linux-gnu/ivl/v2009.vpi";
S_0x61d93d3a2ca0 .scope package, "$unit" "$unit" 2 1;
 .timescale 0 0;
S_0x61d93d379160 .scope module, "perimeter_tb" "perimeter_tb" 3 3;
 .timescale -9 -12;
L_0x61d93d3eb0d0 .functor BUFZ 1, v0x61d93d3c8c20_0, C4<0>, C4<0>, C4<0>;
L_0x61d93d3eb190 .functor BUFZ 14, v0x61d93d3c8760_0, C4<00000000000000>, C4<00000000000000>, C4<00000000000000>;
L_0x61d93d3eb200 .functor BUFZ 14, v0x61d93d3c89c0_0, C4<00000000000000>, C4<00000000000000>, C4<00000000000000>;
L_0x61d93d3eb2a0 .functor BUFZ 1, v0x61d93d3c6d00_0, C4<0>, C4<0>, C4<0>;
L_0x61d93d3eb310 .functor BUFZ 1, L_0x61d93d38f1b0, C4<0>, C4<0>, C4<0>;
L_0x61d93d3eb3c0 .functor BUFZ 16, v0x61d93d3cba10_0, C4<0000000000000000>, C4<0000000000000000>, C4<0000000000000000>;
v0x61d93d3d5190_0 .net "A_hundreds", 0 0, v0x61d93d3c90f0_0;  1 drivers
v0x61d93d3d5250_0 .net "A_ones", 0 0, v0x61d93d3c9bb0_0;  1 drivers
v0x61d93d3d5310_0 .net "A_tens", 0 0, v0x61d93d3d0d60_0;  1 drivers
v0x61d93d3d53b0_0 .net "A_thousands", 0 0, v0x61d93d3d17a0_0;  1 drivers
v0x61d93d3d5450_0 .net "B_hundreds", 0 0, v0x61d93d3c91e0_0;  1 drivers
v0x61d93d3d5540_0 .net "B_ones", 0 0, v0x61d93d3c9c70_0;  1 drivers
v0x61d93d3d55e0_0 .net "B_tens", 0 0, v0x61d93d3d0e20_0;  1 drivers
v0x61d93d3d5680_0 .net "B_thousands", 0 0, v0x61d93d3d1890_0;  1 drivers
v0x61d93d3d5720_0 .net "C_hundreds", 0 0, v0x61d93d3c92b0_0;  1 drivers
v0x61d93d3d5850_0 .net "C_ones", 0 0, v0x61d93d3c9d40_0;  1 drivers
v0x61d93d3d58f0_0 .net "C_tens", 0 0, v0x61d93d3d0ef0_0;  1 drivers
v0x61d93d3d5990_0 .net "C_thousands", 0 0, v0x61d93d3d1960_0;  1 drivers
v0x61d93d3d5a30_0 .net "D_hundreds", 0 0, v0x61d93d3c93b0_0;  1 drivers
v0x61d93d3d5ad0_0 .net "D_ones", 0 0, v0x61d93d3c9e40_0;  1 drivers
v0x61d93d3d5b70_0 .net "D_tens", 0 0, v0x61d93d3d0ff0_0;  1 drivers
v0x61d93d3d5c10_0 .net "D_thousands", 0 0, v0x61d93d3d1a60_0;  1 drivers
v0x61d93d3d5cb0_0 .net "E_hundreds", 0 0, v0x61d93d3c9480_0;  1 drivers
v0x61d93d3d5d50_0 .net "E_ones", 0 0, v0x61d93d3c9f10_0;  1 drivers
v0x61d93d3d5df0_0 .net "E_tens", 0 0, v0x61d93d3d10c0_0;  1 drivers
v0x61d93d3d5e90_0 .net "E_thousands", 0 0, v0x61d93d3d1b30_0;  1 drivers
v0x61d93d3d5f30_0 .net "F_hundreds", 0 0, v0x61d93d3c9570_0;  1 drivers
v0x61d93d3d5fd0_0 .net "F_ones", 0 0, v0x61d93d3ca000_0;  1 drivers
v0x61d93d3d6070_0 .net "F_tens", 0 0, v0x61d93d3d11b0_0;  1 drivers
v0x61d93d3d6110_0 .net "F_thousands", 0 0, v0x61d93d3d1c20_0;  1 drivers
v0x61d93d3d61b0_0 .net "G_hundreds", 0 0, v0x61d93d3c9640_0;  1 drivers
v0x61d93d3d6250_0 .net "G_ones", 0 0, v0x61d93d3ca0d0_0;  1 drivers
v0x61d93d3d62f0_0 .net "G_tens", 0 0, v0x61d93d3d1280_0;  1 drivers
v0x61d93d3d6390_0 .net "G_thousands", 0 0, v0x61d93d3d1cf0_0;  1 drivers
v0x61d93d3d6430_0 .var "_clicker", 0 0;
L_0x74129f3296d8 .functor BUFT 1, C4<00000000000000000000000000000000>, C4<0>, C4<0>, C4<0>;
v0x61d93d3d64d0_0 .net/2s *"_ivl_0", 31 0, L_0x74129f3296d8;  1 drivers
L_0x74129f3297b0 .functor BUFT 1, C4<00000000000000000000000000000001>, C4<0>, C4<0>, C4<0>;
v0x61d93d3d6570_0 .net/2s *"_ivl_24", 31 0, L_0x74129f3297b0;  1 drivers
L_0x74129f3297f8 .functor BUFT 1, C4<00000000000000000000000000000010>, C4<0>, C4<0>, C4<0>;
v0x61d93d3d6650_0 .net/2s *"_ivl_28", 31 0, L_0x74129f3297f8;  1 drivers
L_0x74129f329840 .functor BUFT 1, C4<00000000000000000000000000000011>, C4<0>, C4<0>, C4<0>;
v0x61d93d3d6730_0 .net/2s *"_ivl_32", 31 0, L_0x74129f329840;  1 drivers
L_0x74129f329768 .functor BUFT 1, C4<00000000000000000000000000000000>, C4<0>, C4<0>, C4<0>;
v0x61d93d3d6a20_0 .net/2s *"_ivl_6", 31 0, L_0x74129f329768;  1 drivers
v0x61d93d3d6b00_0 .var "_start_test", 0 0;
v0x61d93d3d6ba0_0 .var "clk", 0 0;
v0x61d93d3d6c40_0 .net "clk_1kHz_div", 0 0, L_0x61d93d3eb2a0;  1 drivers
v0x61d93d3d6d00_0 .net "clk_1kHz_ext", 0 0, v0x61d93d3d6ba0_0;  1 drivers
v0x61d93d3d6da0_0 .var "clk_mux_s", 0 0;
v0x61d93d3d6e40_0 .var/i "clockfreq", 31 0;
v0x61d93d3d6ee0_0 .var "counter", 0 15;
v0x61d93d3d6fc0_0 .var "d1", 0 0;
v0x61d93d3d7060_0 .var "d2", 0 0;
v0x61d93d3d7100_0 .var "d3", 0 0;
v0x61d93d3d71a0_0 .var "end_test_3", 0 2;
v0x61d93d3d7240_0 .net "false_clicks", 0 13, L_0x61d93d3eb190;  1 drivers
v0x61d93d3d7300_0 .var/i "half_clk_cycle", 31 0;
v0x61d93d3d73e0_0 .net "hundreds", 0 3, v0x61d93d3c45c0_0;  1 drivers
v0x61d93d3d74a0_0 .var "initial_false_clicks", 0 13;
v0x61d93d3d7560_0 .var "initial_true_clicks", 0 13;
v0x61d93d3d7640_0 .var/i "maxVal_delay", 31 0;
v0x61d93d3d7720_0 .var/i "max_between_press_interval", 31 0;
v0x61d93d3d7800_0 .var/i "max_button_press_time", 31 0;
v0x61d93d3d78e0_0 .var/i "minVal_delay", 31 0;
v0x61d93d3d79c0_0 .var/i "ms_to_ns", 31 0;
v0x61d93d3d7aa0_0 .net "ones", 0 3, v0x61d93d3c2f50_0;  1 drivers
v0x61d93d3d7b60_0 .net "randDelayTime", 0 15, L_0x61d93d3eb3c0;  1 drivers
v0x61d93d3d7c20_0 .net "rand_led_enable", 0 0, L_0x61d93d3eb310;  1 drivers
v0x61d93d3d7ce0_0 .net "rand_led_onehot", 0 63, L_0x61d93d3ea210;  1 drivers
v0x61d93d3d7df0_0 .var/i "random_buttonpress_length", 31 0;
v0x61d93d3d7ed0_0 .var/i "s_to_ns", 31 0;
v0x61d93d3d7fb0_0 .net "tens", 0 3, v0x61d93d3c3ab0_0;  1 drivers
v0x61d93d3d8070_0 .var "test_counter", 0 15;
v0x61d93d3d8130_0 .var "test_counter_at_true", 0 15;
v0x61d93d3d8210_0 .var "testcase", 0 3;
v0x61d93d3d86c0_0 .net "thousands", 0 3, v0x61d93d3c50d0_0;  1 drivers
v0x61d93d3d8760_0 .net "true_click_detect_active", 0 0, L_0x61d93d3eb0d0;  1 drivers
v0x61d93d3d8800_0 .net "true_clicks", 0 13, L_0x61d93d3eb200;  1 drivers
v0x61d93d3d88a0_0 .var "true_false_sel_switch", 0 0;
E_0x61d93d328a60 .event posedge, v0x61d93d3d6ba0_0;
L_0x61d93d3eae00 .part L_0x74129f3296d8, 0, 1;
L_0x61d93d3eaf90 .part L_0x74129f329768, 0, 1;
L_0x61d93d3eb4c0 .part L_0x74129f3297b0, 0, 17;
L_0x61d93d3eb590 .part L_0x74129f3297f8, 0, 17;
L_0x61d93d3eb690 .part L_0x74129f329840, 0, 17;
S_0x61d93d389690 .scope module, "dt1" "displayStartTest" 3 183, 3 332 0, S_0x61d93d379160;
 .timescale -9 -12;
    .port_info 0 /INPUT 17 "test";
    .port_info 1 /INPUT 1 "display";
v0x61d93d37faf0_0 .net "display", 0 0, v0x61d93d3d6fc0_0;  1 drivers
v0x61d93d37a060_0 .var "displayed", 0 0;
v0x61d93d37a130_0 .net "test", 0 16, L_0x61d93d3eb4c0;  1 drivers
E_0x61d93d327d00 .event anyedge, v0x61d93d37faf0_0, v0x61d93d37a060_0, v0x61d93d37a130_0;
S_0x61d93d3c2260 .scope module, "dt2" "displayStartTest" 3 184, 3 332 0, S_0x61d93d379160;
 .timescale -9 -12;
    .port_info 0 /INPUT 17 "test";
    .port_info 1 /INPUT 1 "display";
v0x61d93d37a730_0 .net "display", 0 0, v0x61d93d3d7060_0;  1 drivers
v0x61d93d37a800_0 .var "displayed", 0 0;
v0x61d93d38f350_0 .net "test", 0 16, L_0x61d93d3eb590;  1 drivers
E_0x61d93d3b2bf0 .event anyedge, v0x61d93d37a730_0, v0x61d93d37a800_0, v0x61d93d38f350_0;
S_0x61d93d3c2510 .scope module, "dt3" "displayStartTest" 3 185, 3 332 0, S_0x61d93d379160;
 .timescale -9 -12;
    .port_info 0 /INPUT 17 "test";
    .port_info 1 /INPUT 1 "display";
v0x61d93d38f3f0_0 .net "display", 0 0, v0x61d93d3d7100_0;  1 drivers
v0x61d93d3c2740_0 .var "displayed", 0 0;
v0x61d93d3c2800_0 .net "test", 0 16, L_0x61d93d3eb690;  1 drivers
E_0x61d93d3c26a0 .event anyedge, v0x61d93d38f3f0_0, v0x61d93d3c2740_0, v0x61d93d3c2800_0;
S_0x61d93d3c2920 .scope module, "rssd1" "reverseSevenSegDecoder" 3 83, 3 309 0, S_0x61d93d379160;
 .timescale -9 -12;
    .port_info 0 /INPUT 1 "a";
    .port_info 1 /INPUT 1 "b";
    .port_info 2 /INPUT 1 "c";
    .port_info 3 /INPUT 1 "d";
    .port_info 4 /INPUT 1 "e";
    .port_info 5 /INPUT 1 "f";
    .port_info 6 /INPUT 1 "g";
    .port_info 7 /OUTPUT 4 "digit";
v0x61d93d3c2c50_0 .net "a", 0 0, v0x61d93d3c9bb0_0;  alias, 1 drivers
v0x61d93d3c2d30_0 .net "b", 0 0, v0x61d93d3c9c70_0;  alias, 1 drivers
v0x61d93d3c2df0_0 .net "c", 0 0, v0x61d93d3c9d40_0;  alias, 1 drivers
v0x61d93d3c2e90_0 .net "d", 0 0, v0x61d93d3c9e40_0;  alias, 1 drivers
v0x61d93d3c2f50_0 .var "digit", 3 0;
v0x61d93d3c3080_0 .net "e", 0 0, v0x61d93d3c9f10_0;  alias, 1 drivers
v0x61d93d3c3140_0 .net "f", 0 0, v0x61d93d3ca000_0;  alias, 1 drivers
v0x61d93d3c3200_0 .net "g", 0 0, v0x61d93d3ca0d0_0;  alias, 1 drivers
E_0x61d93d3c2bd0/0 .event anyedge, v0x61d93d3c2c50_0, v0x61d93d3c2d30_0, v0x61d93d3c2df0_0, v0x61d93d3c2e90_0;
E_0x61d93d3c2bd0/1 .event anyedge, v0x61d93d3c3080_0, v0x61d93d3c3140_0, v0x61d93d3c3200_0;
E_0x61d93d3c2bd0 .event/or E_0x61d93d3c2bd0/0, E_0x61d93d3c2bd0/1;
S_0x61d93d3c3410 .scope module, "rssd2" "reverseSevenSegDecoder" 3 94, 3 309 0, S_0x61d93d379160;
 .timescale -9 -12;
    .port_info 0 /INPUT 1 "a";
    .port_info 1 /INPUT 1 "b";
    .port_info 2 /INPUT 1 "c";
    .port_info 3 /INPUT 1 "d";
    .port_info 4 /INPUT 1 "e";
    .port_info 5 /INPUT 1 "f";
    .port_info 6 /INPUT 1 "g";
    .port_info 7 /OUTPUT 4 "digit";
v0x61d93d3c37b0_0 .net "a", 0 0, v0x61d93d3d0d60_0;  alias, 1 drivers
v0x61d93d3c3890_0 .net "b", 0 0, v0x61d93d3d0e20_0;  alias, 1 drivers
v0x61d93d3c3950_0 .net "c", 0 0, v0x61d93d3d0ef0_0;  alias, 1 drivers
v0x61d93d3c39f0_0 .net "d", 0 0, v0x61d93d3d0ff0_0;  alias, 1 drivers
v0x61d93d3c3ab0_0 .var "digit", 3 0;
v0x61d93d3c3be0_0 .net "e", 0 0, v0x61d93d3d10c0_0;  alias, 1 drivers
v0x61d93d3c3ca0_0 .net "f", 0 0, v0x61d93d3d11b0_0;  alias, 1 drivers
v0x61d93d3c3d60_0 .net "g", 0 0, v0x61d93d3d1280_0;  alias, 1 drivers
E_0x61d93d3c3710/0 .event anyedge, v0x61d93d3c37b0_0, v0x61d93d3c3890_0, v0x61d93d3c3950_0, v0x61d93d3c39f0_0;
E_0x61d93d3c3710/1 .event anyedge, v0x61d93d3c3be0_0, v0x61d93d3c3ca0_0, v0x61d93d3c3d60_0;
E_0x61d93d3c3710 .event/or E_0x61d93d3c3710/0, E_0x61d93d3c3710/1;
S_0x61d93d3c3f70 .scope module, "rssd3" "reverseSevenSegDecoder" 3 105, 3 309 0, S_0x61d93d379160;
 .timescale -9 -12;
    .port_info 0 /INPUT 1 "a";
    .port_info 1 /INPUT 1 "b";
    .port_info 2 /INPUT 1 "c";
    .port_info 3 /INPUT 1 "d";
    .port_info 4 /INPUT 1 "e";
    .port_info 5 /INPUT 1 "f";
    .port_info 6 /INPUT 1 "g";
    .port_info 7 /OUTPUT 4 "digit";
v0x61d93d3c42c0_0 .net "a", 0 0, v0x61d93d3c90f0_0;  alias, 1 drivers
v0x61d93d3c43a0_0 .net "b", 0 0, v0x61d93d3c91e0_0;  alias, 1 drivers
v0x61d93d3c4460_0 .net "c", 0 0, v0x61d93d3c92b0_0;  alias, 1 drivers
v0x61d93d3c4500_0 .net "d", 0 0, v0x61d93d3c93b0_0;  alias, 1 drivers
v0x61d93d3c45c0_0 .var "digit", 3 0;
v0x61d93d3c46f0_0 .net "e", 0 0, v0x61d93d3c9480_0;  alias, 1 drivers
v0x61d93d3c47b0_0 .net "f", 0 0, v0x61d93d3c9570_0;  alias, 1 drivers
v0x61d93d3c4870_0 .net "g", 0 0, v0x61d93d3c9640_0;  alias, 1 drivers
E_0x61d93d3c4220/0 .event anyedge, v0x61d93d3c42c0_0, v0x61d93d3c43a0_0, v0x61d93d3c4460_0, v0x61d93d3c4500_0;
E_0x61d93d3c4220/1 .event anyedge, v0x61d93d3c46f0_0, v0x61d93d3c47b0_0, v0x61d93d3c4870_0;
E_0x61d93d3c4220 .event/or E_0x61d93d3c4220/0, E_0x61d93d3c4220/1;
S_0x61d93d3c4a80 .scope module, "rssd4" "reverseSevenSegDecoder" 3 116, 3 309 0, S_0x61d93d379160;
 .timescale -9 -12;
    .port_info 0 /INPUT 1 "a";
    .port_info 1 /INPUT 1 "b";
    .port_info 2 /INPUT 1 "c";
    .port_info 3 /INPUT 1 "d";
    .port_info 4 /INPUT 1 "e";
    .port_info 5 /INPUT 1 "f";
    .port_info 6 /INPUT 1 "g";
    .port_info 7 /OUTPUT 4 "digit";
v0x61d93d3c4dd0_0 .net "a", 0 0, v0x61d93d3d17a0_0;  alias, 1 drivers
v0x61d93d3c4eb0_0 .net "b", 0 0, v0x61d93d3d1890_0;  alias, 1 drivers
v0x61d93d3c4f70_0 .net "c", 0 0, v0x61d93d3d1960_0;  alias, 1 drivers
v0x61d93d3c5010_0 .net "d", 0 0, v0x61d93d3d1a60_0;  alias, 1 drivers
v0x61d93d3c50d0_0 .var "digit", 3 0;
v0x61d93d3c5200_0 .net "e", 0 0, v0x61d93d3d1b30_0;  alias, 1 drivers
v0x61d93d3c52c0_0 .net "f", 0 0, v0x61d93d3d1c20_0;  alias, 1 drivers
v0x61d93d3c5380_0 .net "g", 0 0, v0x61d93d3d1cf0_0;  alias, 1 drivers
E_0x61d93d3c4d30/0 .event anyedge, v0x61d93d3c4dd0_0, v0x61d93d3c4eb0_0, v0x61d93d3c4f70_0, v0x61d93d3c5010_0;
E_0x61d93d3c4d30/1 .event anyedge, v0x61d93d3c5200_0, v0x61d93d3c52c0_0, v0x61d93d3c5380_0;
E_0x61d93d3c4d30 .event/or E_0x61d93d3c4d30/0, E_0x61d93d3c4d30/1;
S_0x61d93d3c5590 .scope module, "uut" "perimeter" 3 127, 4 3 0, S_0x61d93d379160;
 .timescale -6 -9;
    .port_info 0 /INPUT 1 "clk_16MHz";
    .port_info 1 /INPUT 1 "clk_1kHz_ext";
    .port_info 2 /INPUT 1 "clk_mux_s";
    .port_info 3 /INPUT 1 "_clicker";
    .port_info 4 /INPUT 1 "true_false_display_sel_switch";
    .port_info 5 /INPUT 1 "_start_test";
    .port_info 6 /INPUT 16 "seed";
    .port_info 7 /INPUT 1 "seed_mux_s";
    .port_info 8 /OUTPUT 64 "rand_led_onehot";
    .port_info 9 /OUTPUT 1 "A_thousands";
    .port_info 10 /OUTPUT 1 "B_thousands";
    .port_info 11 /OUTPUT 1 "C_thousands";
    .port_info 12 /OUTPUT 1 "D_thousands";
    .port_info 13 /OUTPUT 1 "E_thousands";
    .port_info 14 /OUTPUT 1 "F_thousands";
    .port_info 15 /OUTPUT 1 "G_thousands";
    .port_info 16 /OUTPUT 1 "A_hundreds";
    .port_info 17 /OUTPUT 1 "B_hundreds";
    .port_info 18 /OUTPUT 1 "C_hundreds";
    .port_info 19 /OUTPUT 1 "D_hundreds";
    .port_info 20 /OUTPUT 1 "E_hundreds";
    .port_info 21 /OUTPUT 1 "F_hundreds";
    .port_info 22 /OUTPUT 1 "G_hundreds";
    .port_info 23 /OUTPUT 1 "A_tens";
    .port_info 24 /OUTPUT 1 "B_tens";
    .port_info 25 /OUTPUT 1 "C_tens";
    .port_info 26 /OUTPUT 1 "D_tens";
    .port_info 27 /OUTPUT 1 "E_tens";
    .port_info 28 /OUTPUT 1 "F_tens";
    .port_info 29 /OUTPUT 1 "G_tens";
    .port_info 30 /OUTPUT 1 "A_ones";
    .port_info 31 /OUTPUT 1 "B_ones";
    .port_info 32 /OUTPUT 1 "C_ones";
    .port_info 33 /OUTPUT 1 "D_ones";
    .port_info 34 /OUTPUT 1 "E_ones";
    .port_info 35 /OUTPUT 1 "F_ones";
    .port_info 36 /OUTPUT 1 "G_ones";
P_0x61d93d3c5720 .param/l "bitShift_delay" 1 4 60, C4<00000>;
P_0x61d93d3c5760 .param/l "ledflashTime" 1 4 61, C4<0000000000001010>;
P_0x61d93d3c57a0 .param/l "maxVal_delay" 1 4 58, C4<0000000011001000>;
P_0x61d93d3c57e0 .param/l "max_true_time" 1 4 62, C4<00000000110100>;
P_0x61d93d3c5820 .param/l "minVal_delay" 1 4 59, C4<0000000001000110>;
L_0x61d93d379f00 .functor NOT 1, v0x61d93d3d6b00_0, C4<0>, C4<0>, C4<0>;
v0x61d93d3d1ee0_0 .net "A_hundreds", 0 0, v0x61d93d3c90f0_0;  alias, 1 drivers
v0x61d93d3d1fa0_0 .net "A_ones", 0 0, v0x61d93d3c9bb0_0;  alias, 1 drivers
v0x61d93d3d20b0_0 .net "A_tens", 0 0, v0x61d93d3d0d60_0;  alias, 1 drivers
v0x61d93d3d21a0_0 .net "A_thousands", 0 0, v0x61d93d3d17a0_0;  alias, 1 drivers
v0x61d93d3d2290_0 .net "B_hundreds", 0 0, v0x61d93d3c91e0_0;  alias, 1 drivers
v0x61d93d3d23d0_0 .net "B_ones", 0 0, v0x61d93d3c9c70_0;  alias, 1 drivers
v0x61d93d3d24c0_0 .net "B_tens", 0 0, v0x61d93d3d0e20_0;  alias, 1 drivers
v0x61d93d3d25b0_0 .net "B_thousands", 0 0, v0x61d93d3d1890_0;  alias, 1 drivers
v0x61d93d3d26a0_0 .net "C_hundreds", 0 0, v0x61d93d3c92b0_0;  alias, 1 drivers
v0x61d93d3d27d0_0 .net "C_ones", 0 0, v0x61d93d3c9d40_0;  alias, 1 drivers
v0x61d93d3d28c0_0 .net "C_tens", 0 0, v0x61d93d3d0ef0_0;  alias, 1 drivers
v0x61d93d3d29b0_0 .net "C_thousands", 0 0, v0x61d93d3d1960_0;  alias, 1 drivers
v0x61d93d3d2aa0_0 .net "D_hundreds", 0 0, v0x61d93d3c93b0_0;  alias, 1 drivers
v0x61d93d3d2b90_0 .net "D_ones", 0 0, v0x61d93d3c9e40_0;  alias, 1 drivers
v0x61d93d3d2c80_0 .net "D_tens", 0 0, v0x61d93d3d0ff0_0;  alias, 1 drivers
v0x61d93d3d2d70_0 .net "D_thousands", 0 0, v0x61d93d3d1a60_0;  alias, 1 drivers
v0x61d93d3d2e60_0 .net "E_hundreds", 0 0, v0x61d93d3c9480_0;  alias, 1 drivers
v0x61d93d3d3060_0 .net "E_ones", 0 0, v0x61d93d3c9f10_0;  alias, 1 drivers
v0x61d93d3d3150_0 .net "E_tens", 0 0, v0x61d93d3d10c0_0;  alias, 1 drivers
v0x61d93d3d3240_0 .net "E_thousands", 0 0, v0x61d93d3d1b30_0;  alias, 1 drivers
v0x61d93d3d3330_0 .net "F_hundreds", 0 0, v0x61d93d3c9570_0;  alias, 1 drivers
v0x61d93d3d3420_0 .net "F_ones", 0 0, v0x61d93d3ca000_0;  alias, 1 drivers
v0x61d93d3d3510_0 .net "F_tens", 0 0, v0x61d93d3d11b0_0;  alias, 1 drivers
v0x61d93d3d3600_0 .net "F_thousands", 0 0, v0x61d93d3d1c20_0;  alias, 1 drivers
v0x61d93d3d36f0_0 .net "G_hundreds", 0 0, v0x61d93d3c9640_0;  alias, 1 drivers
v0x61d93d3d37e0_0 .net "G_ones", 0 0, v0x61d93d3ca0d0_0;  alias, 1 drivers
v0x61d93d3d38d0_0 .net "G_tens", 0 0, v0x61d93d3d1280_0;  alias, 1 drivers
v0x61d93d3d39c0_0 .net "G_thousands", 0 0, v0x61d93d3d1cf0_0;  alias, 1 drivers
v0x61d93d3d3ab0_0 .net "_clicker", 0 0, v0x61d93d3d6430_0;  1 drivers
L_0x74129f329018 .functor BUFT 1, C4<1001110101001011>, C4<0>, C4<0>, C4<0>;
v0x61d93d3d3b50_0 .net/2u *"_ivl_2", 15 0, L_0x74129f329018;  1 drivers
v0x61d93d3d3bf0_0 .net "_start_test", 0 0, v0x61d93d3d6b00_0;  1 drivers
v0x61d93d3d3c90_0 .net "clk_16MHz", 0 0, L_0x61d93d3eae00;  1 drivers
v0x61d93d3d3d30_0 .net "clk_1kHz", 0 0, L_0x61d93d3d8940;  1 drivers
v0x61d93d3d3dd0_0 .net "clk_1kHz_div", 0 0, v0x61d93d3c6d00_0;  1 drivers
v0x61d93d3d3e70_0 .net "clk_1kHz_ext", 0 0, v0x61d93d3d6ba0_0;  alias, 1 drivers
v0x61d93d3d3f10_0 .net "clk_mux_s", 0 0, v0x61d93d3d6da0_0;  1 drivers
v0x61d93d3d3fb0_0 .net "display_score", 13 0, v0x61d93d3d0680_0;  1 drivers
v0x61d93d3d4070_0 .net "false_clicks", 13 0, v0x61d93d3c8760_0;  1 drivers
v0x61d93d3d4180_0 .net "hundreds", 0 3, v0x61d93d3c6340_0;  1 drivers
v0x61d93d3d4290_0 .net "ones", 0 3, v0x61d93d3c6550_0;  1 drivers
v0x61d93d3d43a0_0 .net "rand_led_enable", 0 0, L_0x61d93d38f1b0;  1 drivers
v0x61d93d3d4440_0 .net "rand_led_index", 5 0, L_0x61d93d3e9f10;  1 drivers
v0x61d93d3d4550_0 .net "rand_led_onehot", 0 63, L_0x61d93d3ea210;  alias, 1 drivers
v0x61d93d3d4610_0 .net "rst", 0 0, L_0x61d93d379f00;  1 drivers
L_0x74129f329720 .functor BUFT 1, C4<xxxxxxxxxxxxxxxx>, C4<0>, C4<0>, C4<0>;
v0x61d93d3d46b0_0 .net "seed", 0 15, L_0x74129f329720;  1 drivers
v0x61d93d3d4770_0 .net "seed_mux_s", 0 0, L_0x61d93d3eaf90;  1 drivers
v0x61d93d3d4830_0 .net "seed_w", 0 15, L_0x61d93d3e89f0;  1 drivers
v0x61d93d3d4940_0 .net "tens", 0 3, v0x61d93d3c6630_0;  1 drivers
v0x61d93d3d4a50_0 .net "thousands", 0 3, v0x61d93d3c6710_0;  1 drivers
v0x61d93d3d4b60_0 .net "true_clicks", 13 0, v0x61d93d3c89c0_0;  1 drivers
v0x61d93d3d4c70_0 .net "true_false_display_sel_switch", 0 0, v0x61d93d3d88a0_0;  1 drivers
L_0x61d93d3d8940 .functor MUXZ 1, v0x61d93d3c6d00_0, v0x61d93d3d6ba0_0, v0x61d93d3d6da0_0, C4<>;
L_0x61d93d3e89f0 .functor MUXZ 16, L_0x74129f329018, L_0x74129f329720, L_0x61d93d3eaf90, C4<>;
S_0x61d93d3c5eb0 .scope module, "bcd_inst" "binaryToBCD4digit" 4 114, 5 1 0, S_0x61d93d3c5590;
 .timescale -6 -9;
    .port_info 0 /INPUT 14 "binary_score";
    .port_info 1 /OUTPUT 4 "thousands";
    .port_info 2 /OUTPUT 4 "hundreds";
    .port_info 3 /OUTPUT 4 "tens";
    .port_info 4 /OUTPUT 4 "ones";
v0x61d93d3c60a0_0 .var "bcd", 27 0;
v0x61d93d3c61a0_0 .var "bin", 13 0;
v0x61d93d3c6280_0 .net "binary_score", 13 0, v0x61d93d3d0680_0;  alias, 1 drivers
v0x61d93d3c6340_0 .var "hundreds", 3 0;
v0x61d93d3c6420_0 .var/i "i", 31 0;
v0x61d93d3c6550_0 .var "ones", 3 0;
v0x61d93d3c6630_0 .var "tens", 3 0;
v0x61d93d3c6710_0 .var "thousands", 3 0;
E_0x61d93d3c5a60 .event anyedge, v0x61d93d3c6280_0, v0x61d93d3c60a0_0, v0x61d93d3c61a0_0;
S_0x61d93d3c6890 .scope module, "clk_div_inst" "clkDivBy16384" 4 65, 6 4 0, S_0x61d93d3c5590;
 .timescale -9 -12;
    .port_info 0 /OUTPUT 1 "clk_1kHz";
    .port_info 1 /INPUT 1 "clk_16MHz";
    .port_info 2 /INPUT 1 "rst";
P_0x61d93d3c6a90 .param/l "maxCount_14b" 1 6 10, C4<1111111111111>;
v0x61d93d3c6c20_0 .net "clk_16MHz", 0 0, L_0x61d93d3eae00;  alias, 1 drivers
v0x61d93d3c6d00_0 .var "clk_1kHz", 0 0;
v0x61d93d3c6dc0_0 .var "counter_14b", 0 12;
v0x61d93d3c6e80_0 .net "rst", 0 0, L_0x61d93d379f00;  alias, 1 drivers
E_0x61d93d3c6b30 .event posedge, v0x61d93d3c6c20_0;
S_0x61d93d3c6fc0 .scope module, "comparator_inst" "clickComparatorAndTrueFalseCounter" 4 97, 7 1 0, S_0x61d93d3c5590;
 .timescale -6 -9;
    .port_info 0 /INPUT 1 "clk";
    .port_info 1 /INPUT 1 "_clicker";
    .port_info 2 /INPUT 1 "_en";
    .port_info 3 /INPUT 1 "rst";
    .port_info 4 /INPUT 14 "max_true_time";
    .port_info 5 /OUTPUT 14 "true_click_count";
    .port_info 6 /OUTPUT 14 "false_click_count";
L_0x74129f329498 .functor BUFT 1, C4<1>, C4<0>, C4<0>, C4<0>;
L_0x61d93d3ea300 .functor XNOR 1, v0x61d93d3c7520_0, L_0x74129f329498, C4<0>, C4<0>;
L_0x74129f3294e0 .functor BUFT 1, C4<0>, C4<0>, C4<0>, C4<0>;
L_0x61d93d3ea3c0 .functor XNOR 1, v0x61d93d3d6430_0, L_0x74129f3294e0, C4<0>, C4<0>;
L_0x61d93d3ea480 .functor AND 1, L_0x61d93d3ea300, L_0x61d93d3ea3c0, C4<1>, C4<1>;
L_0x74129f329528 .functor BUFT 1, C4<1>, C4<0>, C4<0>, C4<0>;
L_0x61d93d3ea590 .functor XNOR 1, v0x61d93d3c76b0_0, L_0x74129f329528, C4<0>, C4<0>;
L_0x74129f329570 .functor BUFT 1, C4<0>, C4<0>, C4<0>, C4<0>;
L_0x61d93d3ea650 .functor XNOR 1, L_0x61d93d38f1b0, L_0x74129f329570, C4<0>, C4<0>;
L_0x61d93d3ea710 .functor AND 1, L_0x61d93d3ea590, L_0x61d93d3ea650, C4<1>, C4<1>;
v0x61d93d3c7480_0 .net "_clicker", 0 0, v0x61d93d3d6430_0;  alias, 1 drivers
v0x61d93d3c7520_0 .var "_clicker_level_prev", 0 0;
v0x61d93d3c75e0_0 .net "_en", 0 0, L_0x61d93d38f1b0;  alias, 1 drivers
v0x61d93d3c76b0_0 .var "_en_level_prev", 0 0;
v0x61d93d3c7770_0 .net/2u *"_ivl_0", 0 0, L_0x74129f329498;  1 drivers
v0x61d93d3c78a0_0 .net/2u *"_ivl_10", 0 0, L_0x74129f329528;  1 drivers
v0x61d93d3c7980_0 .net *"_ivl_12", 0 0, L_0x61d93d3ea590;  1 drivers
v0x61d93d3c7a40_0 .net/2u *"_ivl_14", 0 0, L_0x74129f329570;  1 drivers
v0x61d93d3c7b20_0 .net *"_ivl_16", 0 0, L_0x61d93d3ea650;  1 drivers
v0x61d93d3c7be0_0 .net *"_ivl_2", 0 0, L_0x61d93d3ea300;  1 drivers
v0x61d93d3c7ca0_0 .net *"_ivl_20", 31 0, L_0x61d93d3ea860;  1 drivers
L_0x74129f3295b8 .functor BUFT 1, C4<000000000000000000>, C4<0>, C4<0>, C4<0>;
v0x61d93d3c7d80_0 .net *"_ivl_23", 17 0, L_0x74129f3295b8;  1 drivers
v0x61d93d3c7e60_0 .net *"_ivl_24", 31 0, L_0x61d93d3ea950;  1 drivers
L_0x74129f329600 .functor BUFT 1, C4<000000000000000000>, C4<0>, C4<0>, C4<0>;
v0x61d93d3c7f40_0 .net *"_ivl_27", 17 0, L_0x74129f329600;  1 drivers
L_0x74129f329648 .functor BUFT 1, C4<00000000000000000000000000000001>, C4<0>, C4<0>, C4<0>;
v0x61d93d3c8020_0 .net/2u *"_ivl_28", 31 0, L_0x74129f329648;  1 drivers
v0x61d93d3c8100_0 .net *"_ivl_30", 31 0, L_0x61d93d3eaa40;  1 drivers
v0x61d93d3c81e0_0 .net/2u *"_ivl_4", 0 0, L_0x74129f3294e0;  1 drivers
v0x61d93d3c82c0_0 .net *"_ivl_43", 0 0, L_0x61d93d3ead60;  1 drivers
v0x61d93d3c8380_0 .net *"_ivl_6", 0 0, L_0x61d93d3ea3c0;  1 drivers
v0x61d93d3c8440_0 .net "clicker_negedge", 0 0, L_0x61d93d3ea480;  1 drivers
v0x61d93d3c8500_0 .net "clk", 0 0, L_0x61d93d3d8940;  alias, 1 drivers
v0x61d93d3c85c0_0 .var "counter_14b", 0 13;
v0x61d93d3c86a0_0 .net "en_negedge", 0 0, L_0x61d93d3ea710;  1 drivers
v0x61d93d3c8760_0 .var "false_click_count", 0 13;
L_0x74129f329690 .functor BUFT 1, C4<00000000110100>, C4<0>, C4<0>, C4<0>;
v0x61d93d3c8840_0 .net "max_true_time", 0 13, L_0x74129f329690;  1 drivers
v0x61d93d3c8920_0 .net "rst", 0 0, L_0x61d93d379f00;  alias, 1 drivers
v0x61d93d3c89c0_0 .var "true_click_count", 0 13;
v0x61d93d3c8a80_0 .net "true_click_count_changed", 0 0, L_0x61d93d3eabf0;  1 drivers
v0x61d93d3c8b40_0 .var "true_click_count_prev", 0 13;
v0x61d93d3c8c20_0 .var "true_click_detect_active", 0 0;
E_0x61d93d3c72c0 .event posedge, v0x61d93d3c6e80_0, v0x61d93d3c8500_0;
E_0x61d93d3c7320 .event posedge, v0x61d93d3c8500_0;
E_0x61d93d3c7380 .event posedge, L_0x61d93d3ead60, v0x61d93d3c6e80_0, v0x61d93d3c8500_0;
E_0x61d93d3c73e0/0 .event anyedge, v0x61d93d3c6e80_0, v0x61d93d3c86a0_0, v0x61d93d3c85c0_0, v0x61d93d3c8840_0;
E_0x61d93d3c73e0/1 .event anyedge, v0x61d93d3c8a80_0;
E_0x61d93d3c73e0 .event/or E_0x61d93d3c73e0/0, E_0x61d93d3c73e0/1;
L_0x61d93d3ea860 .concat [ 14 18 0 0], v0x61d93d3c89c0_0, L_0x74129f3295b8;
L_0x61d93d3ea950 .concat [ 14 18 0 0], v0x61d93d3c8b40_0, L_0x74129f329600;
L_0x61d93d3eaa40 .arith/sum 32, L_0x61d93d3ea950, L_0x74129f329648;
L_0x61d93d3eabf0 .cmp/eq 32, L_0x61d93d3ea860, L_0x61d93d3eaa40;
L_0x61d93d3ead60 .reduce/nor v0x61d93d3c8c20_0;
S_0x61d93d3c8e00 .scope module, "hundreds_decoder" "seven_seg_decoder" 4 133, 8 1 0, S_0x61d93d3c5590;
 .timescale -6 -9;
    .port_info 0 /OUTPUT 1 "A";
    .port_info 1 /OUTPUT 1 "B";
    .port_info 2 /OUTPUT 1 "C";
    .port_info 3 /OUTPUT 1 "D";
    .port_info 4 /OUTPUT 1 "E";
    .port_info 5 /OUTPUT 1 "F";
    .port_info 6 /OUTPUT 1 "G";
    .port_info 7 /INPUT 4 "number";
v0x61d93d3c90f0_0 .var "A", 0 0;
v0x61d93d3c91e0_0 .var "B", 0 0;
v0x61d93d3c92b0_0 .var "C", 0 0;
v0x61d93d3c93b0_0 .var "D", 0 0;
v0x61d93d3c9480_0 .var "E", 0 0;
v0x61d93d3c9570_0 .var "F", 0 0;
v0x61d93d3c9640_0 .var "G", 0 0;
v0x61d93d3c9710_0 .net "number", 0 3, v0x61d93d3c6340_0;  alias, 1 drivers
E_0x61d93d3c71d0 .event anyedge, v0x61d93d3c6340_0;
S_0x61d93d3c9830 .scope module, "ones_decoder" "seven_seg_decoder" 4 155, 8 1 0, S_0x61d93d3c5590;
 .timescale -6 -9;
    .port_info 0 /OUTPUT 1 "A";
    .port_info 1 /OUTPUT 1 "B";
    .port_info 2 /OUTPUT 1 "C";
    .port_info 3 /OUTPUT 1 "D";
    .port_info 4 /OUTPUT 1 "E";
    .port_info 5 /OUTPUT 1 "F";
    .port_info 6 /OUTPUT 1 "G";
    .port_info 7 /INPUT 4 "number";
v0x61d93d3c9bb0_0 .var "A", 0 0;
v0x61d93d3c9c70_0 .var "B", 0 0;
v0x61d93d3c9d40_0 .var "C", 0 0;
v0x61d93d3c9e40_0 .var "D", 0 0;
v0x61d93d3c9f10_0 .var "E", 0 0;
v0x61d93d3ca000_0 .var "F", 0 0;
v0x61d93d3ca0d0_0 .var "G", 0 0;
v0x61d93d3ca1a0_0 .net "number", 0 3, v0x61d93d3c6550_0;  alias, 1 drivers
E_0x61d93d3c9b30 .event anyedge, v0x61d93d3c6550_0;
S_0x61d93d3ca2c0 .scope module, "rand_controller_inst" "pseudoRandDecoderController_6b" 4 79, 9 3 0, S_0x61d93d3c5590;
 .timescale -6 -9;
    .port_info 0 /OUTPUT 6 "randOut";
    .port_info 1 /OUTPUT 1 "_enOut";
    .port_info 2 /INPUT 1 "clk";
    .port_info 3 /INPUT 16 "seed";
    .port_info 4 /INPUT 16 "maxVal_delay";
    .port_info 5 /INPUT 16 "minVal_delay";
    .port_info 6 /INPUT 16 "ledflashTime";
    .port_info 7 /INPUT 5 "bitShift_delay";
    .port_info 8 /INPUT 1 "rst";
P_0x61d93d3ca450 .param/l "bitShift_num" 1 9 27, C4<01010>;
P_0x61d93d3ca490 .param/l "increment" 1 9 24, C4<0011011000011001>;
P_0x61d93d3ca4d0 .param/l "maxVal_num" 1 9 25, C4<0000000001000000>;
P_0x61d93d3ca510 .param/l "minVal_num" 1 9 26, C4<0000000000000000>;
P_0x61d93d3ca550 .param/l "multiplier" 1 9 23, C4<0110001001010101>;
L_0x61d93d38f1b0 .functor BUFZ 1, v0x61d93d3ce070_0, C4<0>, C4<0>, C4<0>;
v0x61d93d3cebc0_0 .net "_enOut", 0 0, L_0x61d93d38f1b0;  alias, 1 drivers
L_0x74129f3293c0 .functor BUFT 1, C4<00000>, C4<0>, C4<0>, C4<0>;
v0x61d93d3cec80_0 .net "bitShift_delay", 0 4, L_0x74129f3293c0;  1 drivers
v0x61d93d3ced50_0 .net "bitShift_w", 0 4, L_0x61d93d3e9690;  1 drivers
v0x61d93d3cee20_0 .net "clk", 0 0, L_0x61d93d3d8940;  alias, 1 drivers
L_0x74129f329378 .functor BUFT 1, C4<0000000000001010>, C4<0>, C4<0>, C4<0>;
v0x61d93d3ceec0_0 .net "ledflashTime", 0 15, L_0x74129f329378;  1 drivers
L_0x74129f3292e8 .functor BUFT 1, C4<0000000011001000>, C4<0>, C4<0>, C4<0>;
v0x61d93d3cefb0_0 .net "maxVal_delay", 0 15, L_0x74129f3292e8;  1 drivers
v0x61d93d3cf050_0 .net "maxVal_w", 0 15, L_0x61d93d3e9470;  1 drivers
L_0x74129f329330 .functor BUFT 1, C4<0000000001000110>, C4<0>, C4<0>, C4<0>;
v0x61d93d3cf140_0 .net "minVal_delay", 0 15, L_0x74129f329330;  1 drivers
v0x61d93d3cf200_0 .net "minVal_w", 0 15, L_0x61d93d3e95a0;  1 drivers
v0x61d93d3cf2a0_0 .net "randDelayTime_w", 0 15, v0x61d93d3cba10_0;  1 drivers
v0x61d93d3cf3b0_0 .net "randNum_w", 0 15, v0x61d93d3caf10_0;  1 drivers
v0x61d93d3cf4c0_0 .net "randOut", 0 5, L_0x61d93d3e9f10;  alias, 1 drivers
v0x61d93d3cf5a0_0 .net "rst", 0 0, L_0x61d93d379f00;  alias, 1 drivers
v0x61d93d3cf640_0 .net "scalarModule_demux_w", 0 15, L_0x61d93d3e9d90;  1 drivers
v0x61d93d3cf750_0 .net "seed", 0 15, L_0x61d93d3e89f0;  alias, 1 drivers
v0x61d93d3cf810_0 .net "state_w", 0 0, v0x61d93d3ce070_0;  1 drivers
v0x61d93d3cf8b0_0 .net "to64bitEncoder_w", 0 15, v0x61d93d3cb930_0;  1 drivers
v0x61d93d3cfa60_0 .net "trigger_w", 0 0, v0x61d93d3ce450_0;  1 drivers
E_0x61d93d3ca900 .event anyedge, v0x61d93d3cba10_0, v0x61d93d3cced0_0, v0x61d93d3cd180_0;
L_0x61d93d3e9f10 .part v0x61d93d3cb930_0, 0, 6;
S_0x61d93d3ca980 .scope module, "genNextRand" "genNextRand_16b" 9 36, 9 148 0, S_0x61d93d3ca2c0;
 .timescale -6 -9;
    .port_info 0 /OUTPUT 16 "randNum";
    .port_info 1 /INPUT 16 "multiplier";
    .port_info 2 /INPUT 16 "increment";
    .port_info 3 /INPUT 16 "seed";
    .port_info 4 /INPUT 1 "clk";
    .port_info 5 /INPUT 1 "trigger";
    .port_info 6 /INPUT 1 "rst";
v0x61d93d3cac70_0 .net "clk", 0 0, L_0x61d93d3d8940;  alias, 1 drivers
L_0x74129f3290a8 .functor BUFT 1, C4<0011011000011001>, C4<0>, C4<0>, C4<0>;
v0x61d93d3cad60_0 .net "increment", 0 15, L_0x74129f3290a8;  1 drivers
L_0x74129f329060 .functor BUFT 1, C4<0110001001010101>, C4<0>, C4<0>, C4<0>;
v0x61d93d3cae20_0 .net "multiplier", 0 15, L_0x74129f329060;  1 drivers
v0x61d93d3caf10_0 .var "randNum", 0 15;
v0x61d93d3caff0_0 .var "randNum_prev", 0 15;
v0x61d93d3cb120_0 .net "rst", 0 0, L_0x61d93d379f00;  alias, 1 drivers
v0x61d93d3cb210_0 .net "seed", 0 15, L_0x61d93d3e89f0;  alias, 1 drivers
v0x61d93d3cb2f0_0 .net "trigger", 0 0, v0x61d93d3ce450_0;  alias, 1 drivers
S_0x61d93d3cb4d0 .scope module, "numDemux" "demux_16b" 9 76, 9 179 0, S_0x61d93d3ca2c0;
 .timescale -6 -9;
    .port_info 0 /OUTPUT 16 "y_0";
    .port_info 1 /OUTPUT 16 "y_1";
    .port_info 2 /INPUT 16 "x";
    .port_info 3 /INPUT 1 "s";
    .port_info 4 /INPUT 1 "rst";
v0x61d93d3cb6f0_0 .net "rst", 0 0, L_0x61d93d379f00;  alias, 1 drivers
v0x61d93d3cb7b0_0 .net "s", 0 0, v0x61d93d3ce070_0;  alias, 1 drivers
v0x61d93d3cb870_0 .net "x", 0 15, L_0x61d93d3e9d90;  alias, 1 drivers
v0x61d93d3cb930_0 .var "y_0", 0 15;
v0x61d93d3cba10_0 .var "y_1", 0 15;
E_0x61d93d3cab80 .event anyedge, v0x61d93d3c6e80_0, v0x61d93d3cb7b0_0, v0x61d93d3cb870_0;
S_0x61d93d3cbbe0 .scope module, "scalarModule" "scaleToMinMaxRange_16b" 9 68, 9 221 0, S_0x61d93d3ca2c0;
 .timescale -6 -9;
    .port_info 0 /OUTPUT 16 "outputNum";
    .port_info 1 /INPUT 16 "inputNum";
    .port_info 2 /INPUT 16 "maxVal";
    .port_info 3 /INPUT 16 "minVal";
    .port_info 4 /INPUT 5 "bitShift";
v0x61d93d3cbe50_0 .net *"_ivl_0", 15 0, L_0x61d93d3e9900;  1 drivers
v0x61d93d3cbf50_0 .net *"_ivl_10", 15 0, L_0x61d93d3e9ca0;  1 drivers
L_0x74129f3292a0 .functor BUFT 1, C4<0000000000000001>, C4<0>, C4<0>, C4<0>;
v0x61d93d3cc030_0 .net/2u *"_ivl_2", 15 0, L_0x74129f3292a0;  1 drivers
v0x61d93d3cc120_0 .net *"_ivl_6", 0 0, L_0x61d93d3e9b60;  1 drivers
v0x61d93d3cc1e0_0 .net *"_ivl_8", 15 0, L_0x61d93d3e9c00;  1 drivers
v0x61d93d3cc310_0 .net "bitShift", 0 4, L_0x61d93d3e9690;  alias, 1 drivers
v0x61d93d3cc3f0_0 .net "inputNum", 0 15, v0x61d93d3caf10_0;  alias, 1 drivers
v0x61d93d3cc4b0_0 .net "maxVal", 0 15, L_0x61d93d3e9470;  alias, 1 drivers
v0x61d93d3cc570_0 .net "minVal", 0 15, L_0x61d93d3e95a0;  alias, 1 drivers
v0x61d93d3cc650_0 .net "outputNum", 0 15, L_0x61d93d3e9d90;  alias, 1 drivers
v0x61d93d3cc740_0 .net "range_w", 0 15, L_0x61d93d3e9ac0;  1 drivers
E_0x61d93d3cbdf0 .event anyedge, v0x61d93d3cc570_0, v0x61d93d3cc4b0_0, v0x61d93d3cb870_0;
L_0x61d93d3e9900 .arith/sub 16, L_0x61d93d3e9470, L_0x61d93d3e95a0;
L_0x61d93d3e9ac0 .arith/sum 16, L_0x61d93d3e9900, L_0x74129f3292a0;
L_0x61d93d3e9b60 .cmp/ge 16, L_0x61d93d3e9470, L_0x61d93d3e95a0;
L_0x61d93d3e9c00 .arith/mod 16, v0x61d93d3caf10_0, L_0x61d93d3e9ac0;
L_0x61d93d3e9ca0 .arith/sum 16, L_0x61d93d3e95a0, L_0x61d93d3e9c00;
L_0x61d93d3e9d90 .functor MUXZ 16, L_0x61d93d3e95a0, L_0x61d93d3e9ca0, L_0x61d93d3e9b60, C4<>;
S_0x61d93d3cc8d0 .scope module, "scalarMux" "minMaxScalarMux_16b" 9 55, 9 202 0, S_0x61d93d3ca2c0;
 .timescale -6 -9;
    .port_info 0 /OUTPUT 16 "maxVal_out";
    .port_info 1 /OUTPUT 16 "minVal_out";
    .port_info 2 /OUTPUT 5 "bitShift_out";
    .port_info 3 /INPUT 16 "maxVal_0";
    .port_info 4 /INPUT 16 "minVal_0";
    .port_info 5 /INPUT 16 "maxVal_1";
    .port_info 6 /INPUT 16 "minVal_1";
    .port_info 7 /INPUT 5 "bitShift_0";
    .port_info 8 /INPUT 5 "bitShift_1";
    .port_info 9 /INPUT 1 "s";
L_0x74129f329258 .functor BUFT 1, C4<01010>, C4<0>, C4<0>, C4<0>;
v0x61d93d3ccb60_0 .net "bitShift_0", 0 4, L_0x74129f329258;  1 drivers
v0x61d93d3ccc60_0 .net "bitShift_1", 0 4, L_0x74129f3293c0;  alias, 1 drivers
v0x61d93d3ccd40_0 .net "bitShift_out", 0 4, L_0x61d93d3e9690;  alias, 1 drivers
L_0x74129f3291c8 .functor BUFT 1, C4<0000000001000000>, C4<0>, C4<0>, C4<0>;
v0x61d93d3cce10_0 .net "maxVal_0", 0 15, L_0x74129f3291c8;  1 drivers
v0x61d93d3cced0_0 .net "maxVal_1", 0 15, L_0x74129f3292e8;  alias, 1 drivers
v0x61d93d3cd000_0 .net "maxVal_out", 0 15, L_0x61d93d3e9470;  alias, 1 drivers
L_0x74129f329210 .functor BUFT 1, C4<0000000000000000>, C4<0>, C4<0>, C4<0>;
v0x61d93d3cd0c0_0 .net "minVal_0", 0 15, L_0x74129f329210;  1 drivers
v0x61d93d3cd180_0 .net "minVal_1", 0 15, L_0x74129f329330;  alias, 1 drivers
v0x61d93d3cd260_0 .net "minVal_out", 0 15, L_0x61d93d3e95a0;  alias, 1 drivers
v0x61d93d3cd3e0_0 .net "s", 0 0, v0x61d93d3ce070_0;  alias, 1 drivers
L_0x61d93d3e9470 .functor MUXZ 16, L_0x74129f3291c8, L_0x74129f3292e8, v0x61d93d3ce070_0, C4<>;
L_0x61d93d3e95a0 .functor MUXZ 16, L_0x74129f329210, L_0x74129f329330, v0x61d93d3ce070_0, C4<>;
L_0x61d93d3e9690 .functor MUXZ 5, L_0x74129f329258, L_0x74129f3293c0, v0x61d93d3ce070_0, C4<>;
S_0x61d93d3cd610 .scope module, "stateControl" "stateController_1b" 9 46, 9 91 0, S_0x61d93d3ca2c0;
 .timescale -6 -9;
    .port_info 0 /OUTPUT 1 "currentState";
    .port_info 1 /OUTPUT 1 "stateChangedTrigger";
    .port_info 2 /INPUT 16 "timeInState0";
    .port_info 3 /INPUT 16 "timeInState1";
    .port_info 4 /INPUT 1 "clk";
    .port_info 5 /INPUT 1 "rst";
L_0x61d93d37a610 .functor OR 1, L_0x61d93d3e9080, L_0x61d93d3e9250, C4<0>, C4<0>;
L_0x74129f3290f0 .functor BUFT 1, C4<0000000000000001>, C4<0>, C4<0>, C4<0>;
v0x61d93d3cd950_0 .net/2u *"_ivl_0", 15 0, L_0x74129f3290f0;  1 drivers
L_0x74129f329180 .functor BUFT 1, C4<0000000000000001>, C4<0>, C4<0>, C4<0>;
v0x61d93d3cda50_0 .net/2u *"_ivl_10", 15 0, L_0x74129f329180;  1 drivers
L_0x74129f329138 .functor BUFT 1, C4<0000000000000001>, C4<0>, C4<0>, C4<0>;
v0x61d93d3cdb30_0 .net/2u *"_ivl_4", 15 0, L_0x74129f329138;  1 drivers
v0x61d93d3cdbf0_0 .net "beforeIsAtEnd0_w", 0 0, L_0x61d93d3e9250;  1 drivers
v0x61d93d3cdcb0_0 .net "beforeIsAtEnd1_w", 0 0, L_0x61d93d3e9080;  1 drivers
v0x61d93d3cddc0_0 .net "beforetimeInState1_w", 0 15, L_0x61d93d3e8c70;  1 drivers
v0x61d93d3cdea0_0 .net "beforetotTime_w", 0 15, L_0x61d93d3e8ea0;  1 drivers
v0x61d93d3cdf80_0 .net "clk", 0 0, L_0x61d93d3d8940;  alias, 1 drivers
v0x61d93d3ce070_0 .var "currentState", 0 0;
v0x61d93d3ce1a0_0 .net "isAtEnd0_w", 0 0, L_0x61d93d3e91b0;  1 drivers
v0x61d93d3ce260_0 .net "isAtEnd1_w", 0 0, L_0x61d93d3e8fe0;  1 drivers
v0x61d93d3ce320_0 .net "rst", 0 0, L_0x61d93d379f00;  alias, 1 drivers
v0x61d93d3ce450_0 .var "stateChangedTrigger", 0 0;
v0x61d93d3ce4f0_0 .net "timeInState0", 0 15, L_0x74129f329378;  alias, 1 drivers
v0x61d93d3ce5b0_0 .net "timeInState1", 0 15, v0x61d93d3cba10_0;  alias, 1 drivers
v0x61d93d3ce670_0 .net "timeInState1_w", 0 15, L_0x61d93d3e8b30;  1 drivers
v0x61d93d3ce730_0 .var "time_16b", 0 15;
v0x61d93d3ce920_0 .net "totTime_w", 0 15, L_0x61d93d3e8db0;  1 drivers
v0x61d93d3cea00_0 .net "triggerEvent", 0 0, L_0x61d93d37a610;  1 drivers
E_0x61d93d3cd8d0 .event posedge, v0x61d93d3ce1a0_0, v0x61d93d3c6e80_0, v0x61d93d3c8500_0;
L_0x61d93d3e8b30 .arith/sub 16, v0x61d93d3cba10_0, L_0x74129f3290f0;
L_0x61d93d3e8c70 .arith/sub 16, L_0x61d93d3e8b30, L_0x74129f329138;
L_0x61d93d3e8db0 .arith/sum 16, L_0x61d93d3e8b30, L_0x74129f329378;
L_0x61d93d3e8ea0 .arith/sub 16, L_0x61d93d3e8db0, L_0x74129f329180;
L_0x61d93d3e8fe0 .cmp/eq 16, v0x61d93d3ce730_0, L_0x61d93d3e8b30;
L_0x61d93d3e9080 .cmp/eq 16, v0x61d93d3ce730_0, L_0x61d93d3e8c70;
L_0x61d93d3e91b0 .cmp/eq 16, v0x61d93d3ce730_0, L_0x61d93d3e8db0;
L_0x61d93d3e9250 .cmp/eq 16, v0x61d93d3ce730_0, L_0x61d93d3e8ea0;
S_0x61d93d3cfca0 .scope module, "rand_decoder_inst" "decoder6to64" 4 91, 10 3 0, S_0x61d93d3c5590;
 .timescale -6 -9;
    .port_info 0 /OUTPUT 64 "Y";
    .port_info 1 /INPUT 6 "X";
    .port_info 2 /INPUT 1 "_en";
v0x61d93d3cfea0_0 .net "X", 0 5, L_0x61d93d3e9f10;  alias, 1 drivers
v0x61d93d3cff80_0 .net "Y", 63 0, L_0x61d93d3ea210;  alias, 1 drivers
v0x61d93d3d0040_0 .net "_en", 0 0, L_0x61d93d38f1b0;  alias, 1 drivers
L_0x74129f329408 .functor BUFT 1, C4<0000000000000000000000000000000000000000000000000000000000000000>, C4<0>, C4<0>, C4<0>;
v0x61d93d3d0130_0 .net/2u *"_ivl_0", 63 0, L_0x74129f329408;  1 drivers
L_0x74129f329450 .functor BUFT 1, C4<0000000000000000000000000000000000000000000000000000000000000001>, C4<0>, C4<0>, C4<0>;
v0x61d93d3d01f0_0 .net/2u *"_ivl_2", 63 0, L_0x74129f329450;  1 drivers
v0x61d93d3d0320_0 .net *"_ivl_4", 63 0, L_0x61d93d3ea0e0;  1 drivers
L_0x61d93d3ea0e0 .shift/l 64, L_0x74129f329450, L_0x61d93d3e9f10;
L_0x61d93d3ea210 .functor MUXZ 64, L_0x61d93d3ea0e0, L_0x74129f329408, L_0x61d93d38f1b0, C4<>;
S_0x61d93d3d0480 .scope module, "score_mux_inst" "score_mux_4digit" 4 107, 11 1 0, S_0x61d93d3c5590;
 .timescale -6 -9;
    .port_info 0 /INPUT 14 "true_clicks";
    .port_info 1 /INPUT 14 "false_clicks";
    .port_info 2 /INPUT 1 "sel_switch";
    .port_info 3 /OUTPUT 14 "display_score";
v0x61d93d3d0680_0 .var "display_score", 13 0;
v0x61d93d3d0760_0 .net "false_clicks", 13 0, v0x61d93d3c8760_0;  alias, 1 drivers
v0x61d93d3d0800_0 .net "sel_switch", 0 0, v0x61d93d3d88a0_0;  alias, 1 drivers
v0x61d93d3d08d0_0 .net "true_clicks", 13 0, v0x61d93d3c89c0_0;  alias, 1 drivers
E_0x61d93d3cd7f0 .event anyedge, v0x61d93d3d0800_0, v0x61d93d3c89c0_0, v0x61d93d3c8760_0;
S_0x61d93d3d0a30 .scope module, "tens_decoder" "seven_seg_decoder" 4 144, 8 1 0, S_0x61d93d3c5590;
 .timescale -6 -9;
    .port_info 0 /OUTPUT 1 "A";
    .port_info 1 /OUTPUT 1 "B";
    .port_info 2 /OUTPUT 1 "C";
    .port_info 3 /OUTPUT 1 "D";
    .port_info 4 /OUTPUT 1 "E";
    .port_info 5 /OUTPUT 1 "F";
    .port_info 6 /OUTPUT 1 "G";
    .port_info 7 /INPUT 4 "number";
v0x61d93d3d0d60_0 .var "A", 0 0;
v0x61d93d3d0e20_0 .var "B", 0 0;
v0x61d93d3d0ef0_0 .var "C", 0 0;
v0x61d93d3d0ff0_0 .var "D", 0 0;
v0x61d93d3d10c0_0 .var "E", 0 0;
v0x61d93d3d11b0_0 .var "F", 0 0;
v0x61d93d3d1280_0 .var "G", 0 0;
v0x61d93d3d1350_0 .net "number", 0 3, v0x61d93d3c6630_0;  alias, 1 drivers
E_0x61d93d3d0ce0 .event anyedge, v0x61d93d3c6630_0;
S_0x61d93d3d1470 .scope module, "thousands_decoder" "seven_seg_decoder" 4 122, 8 1 0, S_0x61d93d3c5590;
 .timescale -6 -9;
    .port_info 0 /OUTPUT 1 "A";
    .port_info 1 /OUTPUT 1 "B";
    .port_info 2 /OUTPUT 1 "C";
    .port_info 3 /OUTPUT 1 "D";
    .port_info 4 /OUTPUT 1 "E";
    .port_info 5 /OUTPUT 1 "F";
    .port_info 6 /OUTPUT 1 "G";
    .port_info 7 /INPUT 4 "number";
v0x61d93d3d17a0_0 .var "A", 0 0;
v0x61d93d3d1890_0 .var "B", 0 0;
v0x61d93d3d1960_0 .var "C", 0 0;
v0x61d93d3d1a60_0 .var "D", 0 0;
v0x61d93d3d1b30_0 .var "E", 0 0;
v0x61d93d3d1c20_0 .var "F", 0 0;
v0x61d93d3d1cf0_0 .var "G", 0 0;
v0x61d93d3d1dc0_0 .net "number", 0 3, v0x61d93d3c6710_0;  alias, 1 drivers
E_0x61d93d3d1720 .event anyedge, v0x61d93d3c6710_0;
    .scope S_0x61d93d3c2920;
T_0 ;
    %wait E_0x61d93d3c2bd0;
    %load/vec4 v0x61d93d3c2c50_0;
    %load/vec4 v0x61d93d3c2d30_0;
    %concat/vec4; draw_concat_vec4
    %load/vec4 v0x61d93d3c2df0_0;
    %concat/vec4; draw_concat_vec4
    %load/vec4 v0x61d93d3c2e90_0;
    %concat/vec4; draw_concat_vec4
    %load/vec4 v0x61d93d3c3080_0;
    %concat/vec4; draw_concat_vec4
    %load/vec4 v0x61d93d3c3140_0;
    %concat/vec4; draw_concat_vec4
    %load/vec4 v0x61d93d3c3200_0;
    %concat/vec4; draw_concat_vec4
    %dup/vec4;
    %pushi/vec4 126, 0, 7;
    %cmp/u;
    %jmp/1 T_0.0, 6;
    %dup/vec4;
    %pushi/vec4 48, 0, 7;
    %cmp/u;
    %jmp/1 T_0.1, 6;
    %dup/vec4;
    %pushi/vec4 109, 0, 7;
    %cmp/u;
    %jmp/1 T_0.2, 6;
    %dup/vec4;
    %pushi/vec4 121, 0, 7;
    %cmp/u;
    %jmp/1 T_0.3, 6;
    %dup/vec4;
    %pushi/vec4 51, 0, 7;
    %cmp/u;
    %jmp/1 T_0.4, 6;
    %dup/vec4;
    %pushi/vec4 91, 0, 7;
    %cmp/u;
    %jmp/1 T_0.5, 6;
    %dup/vec4;
    %pushi/vec4 95, 0, 7;
    %cmp/u;
    %jmp/1 T_0.6, 6;
    %dup/vec4;
    %pushi/vec4 112, 0, 7;
    %cmp/u;
    %jmp/1 T_0.7, 6;
    %dup/vec4;
    %pushi/vec4 127, 0, 7;
    %cmp/u;
    %jmp/1 T_0.8, 6;
    %dup/vec4;
    %pushi/vec4 123, 0, 7;
    %cmp/u;
    %jmp/1 T_0.9, 6;
    %pushi/vec4 15, 15, 4;
    %store/vec4 v0x61d93d3c2f50_0, 0, 4;
    %jmp T_0.11;
T_0.0 ;
    %pushi/vec4 0, 0, 4;
    %store/vec4 v0x61d93d3c2f50_0, 0, 4;
    %jmp T_0.11;
T_0.1 ;
    %pushi/vec4 1, 0, 4;
    %store/vec4 v0x61d93d3c2f50_0, 0, 4;
    %jmp T_0.11;
T_0.2 ;
    %pushi/vec4 2, 0, 4;
    %store/vec4 v0x61d93d3c2f50_0, 0, 4;
    %jmp T_0.11;
T_0.3 ;
    %pushi/vec4 3, 0, 4;
    %store/vec4 v0x61d93d3c2f50_0, 0, 4;
    %jmp T_0.11;
T_0.4 ;
    %pushi/vec4 4, 0, 4;
    %store/vec4 v0x61d93d3c2f50_0, 0, 4;
    %jmp T_0.11;
T_0.5 ;
    %pushi/vec4 5, 0, 4;
    %store/vec4 v0x61d93d3c2f50_0, 0, 4;
    %jmp T_0.11;
T_0.6 ;
    %pushi/vec4 6, 0, 4;
    %store/vec4 v0x61d93d3c2f50_0, 0, 4;
    %jmp T_0.11;
T_0.7 ;
    %pushi/vec4 7, 0, 4;
    %store/vec4 v0x61d93d3c2f50_0, 0, 4;
    %jmp T_0.11;
T_0.8 ;
    %pushi/vec4 8, 0, 4;
    %store/vec4 v0x61d93d3c2f50_0, 0, 4;
    %jmp T_0.11;
T_0.9 ;
    %pushi/vec4 9, 0, 4;
    %store/vec4 v0x61d93d3c2f50_0, 0, 4;
    %jmp T_0.11;
T_0.11 ;
    %pop/vec4 1;
    %jmp T_0;
    .thread T_0, $push;
    .scope S_0x61d93d3c3410;
T_1 ;
    %wait E_0x61d93d3c3710;
    %load/vec4 v0x61d93d3c37b0_0;
    %load/vec4 v0x61d93d3c3890_0;
    %concat/vec4; draw_concat_vec4
    %load/vec4 v0x61d93d3c3950_0;
    %concat/vec4; draw_concat_vec4
    %load/vec4 v0x61d93d3c39f0_0;
    %concat/vec4; draw_concat_vec4
    %load/vec4 v0x61d93d3c3be0_0;
    %concat/vec4; draw_concat_vec4
    %load/vec4 v0x61d93d3c3ca0_0;
    %concat/vec4; draw_concat_vec4
    %load/vec4 v0x61d93d3c3d60_0;
    %concat/vec4; draw_concat_vec4
    %dup/vec4;
    %pushi/vec4 126, 0, 7;
    %cmp/u;
    %jmp/1 T_1.0, 6;
    %dup/vec4;
    %pushi/vec4 48, 0, 7;
    %cmp/u;
    %jmp/1 T_1.1, 6;
    %dup/vec4;
    %pushi/vec4 109, 0, 7;
    %cmp/u;
    %jmp/1 T_1.2, 6;
    %dup/vec4;
    %pushi/vec4 121, 0, 7;
    %cmp/u;
    %jmp/1 T_1.3, 6;
    %dup/vec4;
    %pushi/vec4 51, 0, 7;
    %cmp/u;
    %jmp/1 T_1.4, 6;
    %dup/vec4;
    %pushi/vec4 91, 0, 7;
    %cmp/u;
    %jmp/1 T_1.5, 6;
    %dup/vec4;
    %pushi/vec4 95, 0, 7;
    %cmp/u;
    %jmp/1 T_1.6, 6;
    %dup/vec4;
    %pushi/vec4 112, 0, 7;
    %cmp/u;
    %jmp/1 T_1.7, 6;
    %dup/vec4;
    %pushi/vec4 127, 0, 7;
    %cmp/u;
    %jmp/1 T_1.8, 6;
    %dup/vec4;
    %pushi/vec4 123, 0, 7;
    %cmp/u;
    %jmp/1 T_1.9, 6;
    %pushi/vec4 15, 15, 4;
    %store/vec4 v0x61d93d3c3ab0_0, 0, 4;
    %jmp T_1.11;
T_1.0 ;
    %pushi/vec4 0, 0, 4;
    %store/vec4 v0x61d93d3c3ab0_0, 0, 4;
    %jmp T_1.11;
T_1.1 ;
    %pushi/vec4 1, 0, 4;
    %store/vec4 v0x61d93d3c3ab0_0, 0, 4;
    %jmp T_1.11;
T_1.2 ;
    %pushi/vec4 2, 0, 4;
    %store/vec4 v0x61d93d3c3ab0_0, 0, 4;
    %jmp T_1.11;
T_1.3 ;
    %pushi/vec4 3, 0, 4;
    %store/vec4 v0x61d93d3c3ab0_0, 0, 4;
    %jmp T_1.11;
T_1.4 ;
    %pushi/vec4 4, 0, 4;
    %store/vec4 v0x61d93d3c3ab0_0, 0, 4;
    %jmp T_1.11;
T_1.5 ;
    %pushi/vec4 5, 0, 4;
    %store/vec4 v0x61d93d3c3ab0_0, 0, 4;
    %jmp T_1.11;
T_1.6 ;
    %pushi/vec4 6, 0, 4;
    %store/vec4 v0x61d93d3c3ab0_0, 0, 4;
    %jmp T_1.11;
T_1.7 ;
    %pushi/vec4 7, 0, 4;
    %store/vec4 v0x61d93d3c3ab0_0, 0, 4;
    %jmp T_1.11;
T_1.8 ;
    %pushi/vec4 8, 0, 4;
    %store/vec4 v0x61d93d3c3ab0_0, 0, 4;
    %jmp T_1.11;
T_1.9 ;
    %pushi/vec4 9, 0, 4;
    %store/vec4 v0x61d93d3c3ab0_0, 0, 4;
    %jmp T_1.11;
T_1.11 ;
    %pop/vec4 1;
    %jmp T_1;
    .thread T_1, $push;
    .scope S_0x61d93d3c3f70;
T_2 ;
    %wait E_0x61d93d3c4220;
    %load/vec4 v0x61d93d3c42c0_0;
    %load/vec4 v0x61d93d3c43a0_0;
    %concat/vec4; draw_concat_vec4
    %load/vec4 v0x61d93d3c4460_0;
    %concat/vec4; draw_concat_vec4
    %load/vec4 v0x61d93d3c4500_0;
    %concat/vec4; draw_concat_vec4
    %load/vec4 v0x61d93d3c46f0_0;
    %concat/vec4; draw_concat_vec4
    %load/vec4 v0x61d93d3c47b0_0;
    %concat/vec4; draw_concat_vec4
    %load/vec4 v0x61d93d3c4870_0;
    %concat/vec4; draw_concat_vec4
    %dup/vec4;
    %pushi/vec4 126, 0, 7;
    %cmp/u;
    %jmp/1 T_2.0, 6;
    %dup/vec4;
    %pushi/vec4 48, 0, 7;
    %cmp/u;
    %jmp/1 T_2.1, 6;
    %dup/vec4;
    %pushi/vec4 109, 0, 7;
    %cmp/u;
    %jmp/1 T_2.2, 6;
    %dup/vec4;
    %pushi/vec4 121, 0, 7;
    %cmp/u;
    %jmp/1 T_2.3, 6;
    %dup/vec4;
    %pushi/vec4 51, 0, 7;
    %cmp/u;
    %jmp/1 T_2.4, 6;
    %dup/vec4;
    %pushi/vec4 91, 0, 7;
    %cmp/u;
    %jmp/1 T_2.5, 6;
    %dup/vec4;
    %pushi/vec4 95, 0, 7;
    %cmp/u;
    %jmp/1 T_2.6, 6;
    %dup/vec4;
    %pushi/vec4 112, 0, 7;
    %cmp/u;
    %jmp/1 T_2.7, 6;
    %dup/vec4;
    %pushi/vec4 127, 0, 7;
    %cmp/u;
    %jmp/1 T_2.8, 6;
    %dup/vec4;
    %pushi/vec4 123, 0, 7;
    %cmp/u;
    %jmp/1 T_2.9, 6;
    %pushi/vec4 15, 15, 4;
    %store/vec4 v0x61d93d3c45c0_0, 0, 4;
    %jmp T_2.11;
T_2.0 ;
    %pushi/vec4 0, 0, 4;
    %store/vec4 v0x61d93d3c45c0_0, 0, 4;
    %jmp T_2.11;
T_2.1 ;
    %pushi/vec4 1, 0, 4;
    %store/vec4 v0x61d93d3c45c0_0, 0, 4;
    %jmp T_2.11;
T_2.2 ;
    %pushi/vec4 2, 0, 4;
    %store/vec4 v0x61d93d3c45c0_0, 0, 4;
    %jmp T_2.11;
T_2.3 ;
    %pushi/vec4 3, 0, 4;
    %store/vec4 v0x61d93d3c45c0_0, 0, 4;
    %jmp T_2.11;
T_2.4 ;
    %pushi/vec4 4, 0, 4;
    %store/vec4 v0x61d93d3c45c0_0, 0, 4;
    %jmp T_2.11;
T_2.5 ;
    %pushi/vec4 5, 0, 4;
    %store/vec4 v0x61d93d3c45c0_0, 0, 4;
    %jmp T_2.11;
T_2.6 ;
    %pushi/vec4 6, 0, 4;
    %store/vec4 v0x61d93d3c45c0_0, 0, 4;
    %jmp T_2.11;
T_2.7 ;
    %pushi/vec4 7, 0, 4;
    %store/vec4 v0x61d93d3c45c0_0, 0, 4;
    %jmp T_2.11;
T_2.8 ;
    %pushi/vec4 8, 0, 4;
    %store/vec4 v0x61d93d3c45c0_0, 0, 4;
    %jmp T_2.11;
T_2.9 ;
    %pushi/vec4 9, 0, 4;
    %store/vec4 v0x61d93d3c45c0_0, 0, 4;
    %jmp T_2.11;
T_2.11 ;
    %pop/vec4 1;
    %jmp T_2;
    .thread T_2, $push;
    .scope S_0x61d93d3c4a80;
T_3 ;
    %wait E_0x61d93d3c4d30;
    %load/vec4 v0x61d93d3c4dd0_0;
    %load/vec4 v0x61d93d3c4eb0_0;
    %concat/vec4; draw_concat_vec4
    %load/vec4 v0x61d93d3c4f70_0;
    %concat/vec4; draw_concat_vec4
    %load/vec4 v0x61d93d3c5010_0;
    %concat/vec4; draw_concat_vec4
    %load/vec4 v0x61d93d3c5200_0;
    %concat/vec4; draw_concat_vec4
    %load/vec4 v0x61d93d3c52c0_0;
    %concat/vec4; draw_concat_vec4
    %load/vec4 v0x61d93d3c5380_0;
    %concat/vec4; draw_concat_vec4
    %dup/vec4;
    %pushi/vec4 126, 0, 7;
    %cmp/u;
    %jmp/1 T_3.0, 6;
    %dup/vec4;
    %pushi/vec4 48, 0, 7;
    %cmp/u;
    %jmp/1 T_3.1, 6;
    %dup/vec4;
    %pushi/vec4 109, 0, 7;
    %cmp/u;
    %jmp/1 T_3.2, 6;
    %dup/vec4;
    %pushi/vec4 121, 0, 7;
    %cmp/u;
    %jmp/1 T_3.3, 6;
    %dup/vec4;
    %pushi/vec4 51, 0, 7;
    %cmp/u;
    %jmp/1 T_3.4, 6;
    %dup/vec4;
    %pushi/vec4 91, 0, 7;
    %cmp/u;
    %jmp/1 T_3.5, 6;
    %dup/vec4;
    %pushi/vec4 95, 0, 7;
    %cmp/u;
    %jmp/1 T_3.6, 6;
    %dup/vec4;
    %pushi/vec4 112, 0, 7;
    %cmp/u;
    %jmp/1 T_3.7, 6;
    %dup/vec4;
    %pushi/vec4 127, 0, 7;
    %cmp/u;
    %jmp/1 T_3.8, 6;
    %dup/vec4;
    %pushi/vec4 123, 0, 7;
    %cmp/u;
    %jmp/1 T_3.9, 6;
    %pushi/vec4 15, 15, 4;
    %store/vec4 v0x61d93d3c50d0_0, 0, 4;
    %jmp T_3.11;
T_3.0 ;
    %pushi/vec4 0, 0, 4;
    %store/vec4 v0x61d93d3c50d0_0, 0, 4;
    %jmp T_3.11;
T_3.1 ;
    %pushi/vec4 1, 0, 4;
    %store/vec4 v0x61d93d3c50d0_0, 0, 4;
    %jmp T_3.11;
T_3.2 ;
    %pushi/vec4 2, 0, 4;
    %store/vec4 v0x61d93d3c50d0_0, 0, 4;
    %jmp T_3.11;
T_3.3 ;
    %pushi/vec4 3, 0, 4;
    %store/vec4 v0x61d93d3c50d0_0, 0, 4;
    %jmp T_3.11;
T_3.4 ;
    %pushi/vec4 4, 0, 4;
    %store/vec4 v0x61d93d3c50d0_0, 0, 4;
    %jmp T_3.11;
T_3.5 ;
    %pushi/vec4 5, 0, 4;
    %store/vec4 v0x61d93d3c50d0_0, 0, 4;
    %jmp T_3.11;
T_3.6 ;
    %pushi/vec4 6, 0, 4;
    %store/vec4 v0x61d93d3c50d0_0, 0, 4;
    %jmp T_3.11;
T_3.7 ;
    %pushi/vec4 7, 0, 4;
    %store/vec4 v0x61d93d3c50d0_0, 0, 4;
    %jmp T_3.11;
T_3.8 ;
    %pushi/vec4 8, 0, 4;
    %store/vec4 v0x61d93d3c50d0_0, 0, 4;
    %jmp T_3.11;
T_3.9 ;
    %pushi/vec4 9, 0, 4;
    %store/vec4 v0x61d93d3c50d0_0, 0, 4;
    %jmp T_3.11;
T_3.11 ;
    %pop/vec4 1;
    %jmp T_3;
    .thread T_3, $push;
    .scope S_0x61d93d3c6890;
T_4 ;
    %wait E_0x61d93d3c6b30;
    %load/vec4 v0x61d93d3c6e80_0;
    %flag_set/vec4 8;
    %jmp/0xz  T_4.0, 8;
    %pushi/vec4 0, 0, 13;
    %assign/vec4 v0x61d93d3c6dc0_0, 0;
    %pushi/vec4 0, 0, 1;
    %assign/vec4 v0x61d93d3c6d00_0, 0;
    %jmp T_4.1;
T_4.0 ;
    %load/vec4 v0x61d93d3c6dc0_0;
    %addi 1, 0, 13;
    %assign/vec4 v0x61d93d3c6dc0_0, 0;
T_4.1 ;
    %load/vec4 v0x61d93d3c6dc0_0;
    %cmpi/e 8191, 0, 13;
    %jmp/0xz  T_4.2, 4;
    %load/vec4 v0x61d93d3c6d00_0;
    %inv;
    %assign/vec4 v0x61d93d3c6d00_0, 0;
T_4.2 ;
    %jmp T_4;
    .thread T_4;
    .scope S_0x61d93d3ca980;
T_5 ;
    %wait E_0x61d93d3c72c0;
    %load/vec4 v0x61d93d3cb120_0;
    %flag_set/vec4 8;
    %jmp/0xz  T_5.0, 8;
    %load/vec4 v0x61d93d3cb210_0;
    %assign/vec4 v0x61d93d3caf10_0, 0;
    %jmp T_5.1;
T_5.0 ;
    %load/vec4 v0x61d93d3cb2f0_0;
    %flag_set/vec4 8;
    %jmp/0xz  T_5.2, 8;
    %load/vec4 v0x61d93d3caff0_0;
    %load/vec4 v0x61d93d3cae20_0;
    %mul;
    %load/vec4 v0x61d93d3cad60_0;
    %add;
    %assign/vec4 v0x61d93d3caf10_0, 0;
T_5.2 ;
T_5.1 ;
    %jmp T_5;
    .thread T_5;
    .scope S_0x61d93d3ca980;
T_6 ;
    %wait E_0x61d93d3c72c0;
    %load/vec4 v0x61d93d3cb120_0;
    %flag_set/vec4 8;
    %jmp/0xz  T_6.0, 8;
    %load/vec4 v0x61d93d3cb210_0;
    %assign/vec4 v0x61d93d3caff0_0, 0;
    %jmp T_6.1;
T_6.0 ;
    %load/vec4 v0x61d93d3caf10_0;
    %assign/vec4 v0x61d93d3caff0_0, 0;
T_6.1 ;
    %jmp T_6;
    .thread T_6;
    .scope S_0x61d93d3cd610;
T_7 ;
    %wait E_0x61d93d3cd8d0;
    %load/vec4 v0x61d93d3ce320_0;
    %flag_set/vec4 8;
    %jmp/1 T_7.2, 8;
    %load/vec4 v0x61d93d3ce1a0_0;
    %flag_set/vec4 9;
    %flag_or 8, 9;
T_7.2;
    %jmp/0xz  T_7.0, 8;
    %pushi/vec4 0, 0, 16;
    %assign/vec4 v0x61d93d3ce730_0, 0;
    %pushi/vec4 1, 0, 1;
    %assign/vec4 v0x61d93d3ce070_0, 0;
    %jmp T_7.1;
T_7.0 ;
    %load/vec4 v0x61d93d3ce730_0;
    %addi 1, 0, 16;
    %assign/vec4 v0x61d93d3ce730_0, 0;
    %load/vec4 v0x61d93d3ce260_0;
    %flag_set/vec4 8;
    %jmp/0xz  T_7.3, 8;
    %pushi/vec4 0, 0, 1;
    %assign/vec4 v0x61d93d3ce070_0, 0;
T_7.3 ;
T_7.1 ;
    %jmp T_7;
    .thread T_7;
    .scope S_0x61d93d3cd610;
T_8 ;
    %wait E_0x61d93d3c72c0;
    %load/vec4 v0x61d93d3ce320_0;
    %flag_set/vec4 8;
    %jmp/0xz  T_8.0, 8;
    %pushi/vec4 0, 0, 1;
    %assign/vec4 v0x61d93d3ce450_0, 0;
    %jmp T_8.1;
T_8.0 ;
    %load/vec4 v0x61d93d3cea00_0;
    %flag_set/vec4 8;
    %jmp/0xz  T_8.2, 8;
    %pushi/vec4 1, 0, 1;
    %assign/vec4 v0x61d93d3ce450_0, 0;
    %jmp T_8.3;
T_8.2 ;
    %pushi/vec4 0, 0, 1;
    %assign/vec4 v0x61d93d3ce450_0, 0;
T_8.3 ;
T_8.1 ;
    %jmp T_8;
    .thread T_8;
    .scope S_0x61d93d3cbbe0;
T_9 ;
    %wait E_0x61d93d3cbdf0;
    %load/vec4 v0x61d93d3cc4b0_0;
    %load/vec4 v0x61d93d3cc570_0;
    %cmp/u;
    %flag_or 5, 4;
    %jmp/0xz  T_9.0, 5;
    %vpi_call/w 9 232 "$display", "scaleToMinMaxRange_16b ERROR: minVal >= maxVal: minVal = %d; maxVal = %d", v0x61d93d3cc4b0_0, v0x61d93d3cc570_0 {0 0 0};
T_9.0 ;
    %load/vec4 v0x61d93d3cc650_0;
    %load/vec4 v0x61d93d3cc570_0;
    %cmp/u;
    %jmp/1 T_9.4, 5;
    %flag_mov 8, 5;
    %load/vec4 v0x61d93d3cc4b0_0;
    %load/vec4 v0x61d93d3cc650_0;
    %cmp/u;
    %flag_or 5, 8;
T_9.4;
    %jmp/0xz  T_9.2, 5;
    %vpi_call/w 9 236 "$display", "scaleToMinMaxRange_16b ERROR: output not in range: output = %d,  minVal = %d; maxVal = %d", v0x61d93d3cc650_0, v0x61d93d3cc4b0_0, v0x61d93d3cc570_0 {0 0 0};
T_9.2 ;
    %jmp T_9;
    .thread T_9, $push;
    .scope S_0x61d93d3cb4d0;
T_10 ;
    %wait E_0x61d93d3cab80;
    %load/vec4 v0x61d93d3cb6f0_0;
    %flag_set/vec4 8;
    %jmp/0xz  T_10.0, 8;
    %pushi/vec4 0, 0, 16;
    %store/vec4 v0x61d93d3cb930_0, 0, 16;
    %pushi/vec4 65535, 0, 16;
    %store/vec4 v0x61d93d3cba10_0, 0, 16;
    %jmp T_10.1;
T_10.0 ;
    %load/vec4 v0x61d93d3cb7b0_0;
    %dup/vec4;
    %pushi/vec4 0, 0, 1;
    %cmp/u;
    %jmp/1 T_10.2, 6;
    %dup/vec4;
    %pushi/vec4 1, 0, 1;
    %cmp/u;
    %jmp/1 T_10.3, 6;
    %jmp T_10.4;
T_10.2 ;
    %load/vec4 v0x61d93d3cb870_0;
    %store/vec4 v0x61d93d3cb930_0, 0, 16;
    %jmp T_10.4;
T_10.3 ;
    %load/vec4 v0x61d93d3cb870_0;
    %store/vec4 v0x61d93d3cba10_0, 0, 16;
    %jmp T_10.4;
T_10.4 ;
    %pop/vec4 1;
T_10.1 ;
    %jmp T_10;
    .thread T_10, $push;
    .scope S_0x61d93d3ca2c0;
T_11 ;
    %wait E_0x61d93d3ca900;
    %load/vec4 v0x61d93d3cefb0_0;
    %load/vec4 v0x61d93d3cf2a0_0;
    %cmp/u;
    %jmp/1 T_11.2, 5;
    %flag_mov 8, 5;
    %load/vec4 v0x61d93d3cf2a0_0;
    %load/vec4 v0x61d93d3cf140_0;
    %cmp/u;
    %flag_or 5, 8;
T_11.2;
    %jmp/0xz  T_11.0, 5;
    %vpi_call/w 9 32 "$display", "ERROR: randDelayTime_w outside of %d-%d range: randDelayTime_w = %d", v0x61d93d3cf140_0, v0x61d93d3cefb0_0, v0x61d93d3cf2a0_0 {0 0 0};
T_11.0 ;
    %jmp T_11;
    .thread T_11, $push;
    .scope S_0x61d93d3c6fc0;
T_12 ;
    %wait E_0x61d93d3c73e0;
    %load/vec4 v0x61d93d3c8920_0;
    %flag_set/vec4 8;
    %jmp/0xz  T_12.0, 8;
    %pushi/vec4 0, 0, 1;
    %store/vec4 v0x61d93d3c8c20_0, 0, 1;
    %jmp T_12.1;
T_12.0 ;
    %load/vec4 v0x61d93d3c86a0_0;
    %flag_set/vec4 8;
    %jmp/0xz  T_12.2, 8;
    %pushi/vec4 1, 0, 1;
    %store/vec4 v0x61d93d3c8c20_0, 0, 1;
    %jmp T_12.3;
T_12.2 ;
    %load/vec4 v0x61d93d3c8840_0;
    %load/vec4 v0x61d93d3c85c0_0;
    %cmp/u;
    %jmp/1 T_12.6, 5;
    %flag_mov 8, 5;
    %load/vec4 v0x61d93d3c8a80_0;
    %flag_set/vec4 9;
    %flag_or 9, 8;
    %flag_mov 5, 9;
T_12.6;
    %jmp/0xz  T_12.4, 5;
    %pushi/vec4 0, 0, 1;
    %store/vec4 v0x61d93d3c8c20_0, 0, 1;
T_12.4 ;
T_12.3 ;
T_12.1 ;
    %jmp T_12;
    .thread T_12, $push;
    .scope S_0x61d93d3c6fc0;
T_13 ;
    %wait E_0x61d93d3c72c0;
    %load/vec4 v0x61d93d3c8920_0;
    %flag_set/vec4 8;
    %jmp/0xz  T_13.0, 8;
    %pushi/vec4 0, 0, 14;
    %assign/vec4 v0x61d93d3c89c0_0, 0;
    %pushi/vec4 0, 0, 14;
    %assign/vec4 v0x61d93d3c8760_0, 0;
    %jmp T_13.1;
T_13.0 ;
    %load/vec4 v0x61d93d3c8440_0;
    %flag_set/vec4 8;
    %jmp/0xz  T_13.2, 8;
    %load/vec4 v0x61d93d3c8c20_0;
    %flag_set/vec4 8;
    %jmp/0xz  T_13.4, 8;
    %load/vec4 v0x61d93d3c89c0_0;
    %addi 1, 0, 14;
    %assign/vec4 v0x61d93d3c89c0_0, 0;
    %jmp T_13.5;
T_13.4 ;
    %load/vec4 v0x61d93d3c8760_0;
    %addi 1, 0, 14;
    %assign/vec4 v0x61d93d3c8760_0, 0;
T_13.5 ;
T_13.2 ;
T_13.1 ;
    %jmp T_13;
    .thread T_13;
    .scope S_0x61d93d3c6fc0;
T_14 ;
    %wait E_0x61d93d3c7380;
    %load/vec4 v0x61d93d3c8920_0;
    %flag_set/vec4 8;
    %jmp/1 T_14.2, 8;
    %load/vec4 v0x61d93d3c8c20_0;
    %nor/r;
    %flag_set/vec4 9;
    %flag_or 8, 9;
T_14.2;
    %jmp/0xz  T_14.0, 8;
    %pushi/vec4 0, 0, 14;
    %assign/vec4 v0x61d93d3c85c0_0, 0;
    %jmp T_14.1;
T_14.0 ;
    %load/vec4 v0x61d93d3c85c0_0;
    %addi 1, 0, 14;
    %assign/vec4 v0x61d93d3c85c0_0, 0;
T_14.1 ;
    %jmp T_14;
    .thread T_14;
    .scope S_0x61d93d3c6fc0;
T_15 ;
    %wait E_0x61d93d3c7320;
    %load/vec4 v0x61d93d3c7480_0;
    %assign/vec4 v0x61d93d3c7520_0, 0;
    %load/vec4 v0x61d93d3c75e0_0;
    %assign/vec4 v0x61d93d3c76b0_0, 0;
    %jmp T_15;
    .thread T_15;
    .scope S_0x61d93d3c6fc0;
T_16 ;
    %wait E_0x61d93d3c72c0;
    %load/vec4 v0x61d93d3c8920_0;
    %flag_set/vec4 8;
    %jmp/0xz  T_16.0, 8;
    %pushi/vec4 0, 0, 14;
    %assign/vec4 v0x61d93d3c8b40_0, 0;
    %jmp T_16.1;
T_16.0 ;
    %load/vec4 v0x61d93d3c89c0_0;
    %assign/vec4 v0x61d93d3c8b40_0, 0;
T_16.1 ;
    %jmp T_16;
    .thread T_16;
    .scope S_0x61d93d3d0480;
T_17 ;
    %wait E_0x61d93d3cd7f0;
    %load/vec4 v0x61d93d3d0800_0;
    %flag_set/vec4 8;
    %jmp/0 T_17.0, 8;
    %load/vec4 v0x61d93d3d08d0_0;
    %jmp/1 T_17.1, 8;
T_17.0 ; End of true expr.
    %load/vec4 v0x61d93d3d0760_0;
    %jmp/0 T_17.1, 8;
 ; End of false expr.
    %blend;
T_17.1;
    %store/vec4 v0x61d93d3d0680_0, 0, 14;
    %jmp T_17;
    .thread T_17, $push;
    .scope S_0x61d93d3c5eb0;
T_18 ;
    %wait E_0x61d93d3c5a60;
    %load/vec4 v0x61d93d3c6280_0;
    %store/vec4 v0x61d93d3c61a0_0, 0, 14;
    %pushi/vec4 0, 0, 28;
    %store/vec4 v0x61d93d3c60a0_0, 0, 28;
    %pushi/vec4 0, 0, 32;
    %store/vec4 v0x61d93d3c6420_0, 0, 32;
T_18.0 ;
    %load/vec4 v0x61d93d3c6420_0;
    %cmpi/s 14, 0, 32;
    %jmp/0xz T_18.1, 5;
    %load/vec4 v0x61d93d3c60a0_0;
    %parti/s 4, 24, 6;
    %pad/u 32;
    %cmpi/u 5, 0, 32;
    %flag_inv 5; GE is !LT
    %jmp/0xz  T_18.2, 5;
    %load/vec4 v0x61d93d3c60a0_0;
    %parti/s 4, 24, 6;
    %addi 3, 0, 4;
    %ix/load 4, 24, 0;
    %flag_set/imm 4, 0;
    %store/vec4 v0x61d93d3c60a0_0, 4, 4;
T_18.2 ;
    %load/vec4 v0x61d93d3c60a0_0;
    %parti/s 4, 20, 6;
    %pad/u 32;
    %cmpi/u 5, 0, 32;
    %flag_inv 5; GE is !LT
    %jmp/0xz  T_18.4, 5;
    %load/vec4 v0x61d93d3c60a0_0;
    %parti/s 4, 20, 6;
    %addi 3, 0, 4;
    %ix/load 4, 20, 0;
    %flag_set/imm 4, 0;
    %store/vec4 v0x61d93d3c60a0_0, 4, 4;
T_18.4 ;
    %load/vec4 v0x61d93d3c60a0_0;
    %parti/s 4, 16, 6;
    %pad/u 32;
    %cmpi/u 5, 0, 32;
    %flag_inv 5; GE is !LT
    %jmp/0xz  T_18.6, 5;
    %load/vec4 v0x61d93d3c60a0_0;
    %parti/s 4, 16, 6;
    %addi 3, 0, 4;
    %ix/load 4, 16, 0;
    %flag_set/imm 4, 0;
    %store/vec4 v0x61d93d3c60a0_0, 4, 4;
T_18.6 ;
    %load/vec4 v0x61d93d3c60a0_0;
    %parti/s 4, 12, 5;
    %pad/u 32;
    %cmpi/u 5, 0, 32;
    %flag_inv 5; GE is !LT
    %jmp/0xz  T_18.8, 5;
    %load/vec4 v0x61d93d3c60a0_0;
    %parti/s 4, 12, 5;
    %addi 3, 0, 4;
    %ix/load 4, 12, 0;
    %flag_set/imm 4, 0;
    %store/vec4 v0x61d93d3c60a0_0, 4, 4;
T_18.8 ;
    %load/vec4 v0x61d93d3c60a0_0;
    %parti/s 4, 8, 5;
    %pad/u 32;
    %cmpi/u 5, 0, 32;
    %flag_inv 5; GE is !LT
    %jmp/0xz  T_18.10, 5;
    %load/vec4 v0x61d93d3c60a0_0;
    %parti/s 4, 8, 5;
    %addi 3, 0, 4;
    %ix/load 4, 8, 0;
    %flag_set/imm 4, 0;
    %store/vec4 v0x61d93d3c60a0_0, 4, 4;
T_18.10 ;
    %load/vec4 v0x61d93d3c60a0_0;
    %parti/s 4, 4, 4;
    %pad/u 32;
    %cmpi/u 5, 0, 32;
    %flag_inv 5; GE is !LT
    %jmp/0xz  T_18.12, 5;
    %load/vec4 v0x61d93d3c60a0_0;
    %parti/s 4, 4, 4;
    %addi 3, 0, 4;
    %ix/load 4, 4, 0;
    %flag_set/imm 4, 0;
    %store/vec4 v0x61d93d3c60a0_0, 4, 4;
T_18.12 ;
    %load/vec4 v0x61d93d3c60a0_0;
    %parti/s 4, 0, 2;
    %pad/u 32;
    %cmpi/u 5, 0, 32;
    %flag_inv 5; GE is !LT
    %jmp/0xz  T_18.14, 5;
    %load/vec4 v0x61d93d3c60a0_0;
    %parti/s 4, 0, 2;
    %addi 3, 0, 4;
    %ix/load 4, 0, 0;
    %flag_set/imm 4, 0;
    %store/vec4 v0x61d93d3c60a0_0, 4, 4;
T_18.14 ;
    %load/vec4 v0x61d93d3c60a0_0;
    %parti/s 27, 0, 2;
    %load/vec4 v0x61d93d3c61a0_0;
    %parti/s 1, 13, 5;
    %concat/vec4; draw_concat_vec4
    %store/vec4 v0x61d93d3c60a0_0, 0, 28;
    %load/vec4 v0x61d93d3c61a0_0;
    %parti/s 13, 0, 2;
    %concati/vec4 0, 0, 1;
    %store/vec4 v0x61d93d3c61a0_0, 0, 14;
    %load/vec4 v0x61d93d3c6420_0;
    %addi 1, 0, 32;
    %store/vec4 v0x61d93d3c6420_0, 0, 32;
    %jmp T_18.0;
T_18.1 ;
    %load/vec4 v0x61d93d3c60a0_0;
    %parti/s 4, 12, 5;
    %store/vec4 v0x61d93d3c6710_0, 0, 4;
    %load/vec4 v0x61d93d3c60a0_0;
    %parti/s 4, 8, 5;
    %store/vec4 v0x61d93d3c6340_0, 0, 4;
    %load/vec4 v0x61d93d3c60a0_0;
    %parti/s 4, 4, 4;
    %store/vec4 v0x61d93d3c6630_0, 0, 4;
    %load/vec4 v0x61d93d3c60a0_0;
    %parti/s 4, 0, 2;
    %store/vec4 v0x61d93d3c6550_0, 0, 4;
    %jmp T_18;
    .thread T_18, $push;
    .scope S_0x61d93d3d1470;
T_19 ;
    %wait E_0x61d93d3d1720;
    %load/vec4 v0x61d93d3d1dc0_0;
    %dup/vec4;
    %pushi/vec4 0, 0, 4;
    %cmp/u;
    %jmp/1 T_19.0, 6;
    %dup/vec4;
    %pushi/vec4 1, 0, 4;
    %cmp/u;
    %jmp/1 T_19.1, 6;
    %dup/vec4;
    %pushi/vec4 2, 0, 4;
    %cmp/u;
    %jmp/1 T_19.2, 6;
    %dup/vec4;
    %pushi/vec4 3, 0, 4;
    %cmp/u;
    %jmp/1 T_19.3, 6;
    %dup/vec4;
    %pushi/vec4 4, 0, 4;
    %cmp/u;
    %jmp/1 T_19.4, 6;
    %dup/vec4;
    %pushi/vec4 5, 0, 4;
    %cmp/u;
    %jmp/1 T_19.5, 6;
    %dup/vec4;
    %pushi/vec4 6, 0, 4;
    %cmp/u;
    %jmp/1 T_19.6, 6;
    %dup/vec4;
    %pushi/vec4 7, 0, 4;
    %cmp/u;
    %jmp/1 T_19.7, 6;
    %dup/vec4;
    %pushi/vec4 8, 0, 4;
    %cmp/u;
    %jmp/1 T_19.8, 6;
    %dup/vec4;
    %pushi/vec4 9, 0, 4;
    %cmp/u;
    %jmp/1 T_19.9, 6;
    %pushi/vec4 127, 127, 7;
    %split/vec4 1;
    %store/vec4 v0x61d93d3d1cf0_0, 0, 1;
    %split/vec4 1;
    %store/vec4 v0x61d93d3d1c20_0, 0, 1;
    %split/vec4 1;
    %store/vec4 v0x61d93d3d1b30_0, 0, 1;
    %split/vec4 1;
    %store/vec4 v0x61d93d3d1a60_0, 0, 1;
    %split/vec4 1;
    %store/vec4 v0x61d93d3d1960_0, 0, 1;
    %split/vec4 1;
    %store/vec4 v0x61d93d3d1890_0, 0, 1;
    %store/vec4 v0x61d93d3d17a0_0, 0, 1;
    %jmp T_19.11;
T_19.0 ;
    %pushi/vec4 126, 0, 7;
    %split/vec4 1;
    %store/vec4 v0x61d93d3d1cf0_0, 0, 1;
    %split/vec4 1;
    %store/vec4 v0x61d93d3d1c20_0, 0, 1;
    %split/vec4 1;
    %store/vec4 v0x61d93d3d1b30_0, 0, 1;
    %split/vec4 1;
    %store/vec4 v0x61d93d3d1a60_0, 0, 1;
    %split/vec4 1;
    %store/vec4 v0x61d93d3d1960_0, 0, 1;
    %split/vec4 1;
    %store/vec4 v0x61d93d3d1890_0, 0, 1;
    %store/vec4 v0x61d93d3d17a0_0, 0, 1;
    %jmp T_19.11;
T_19.1 ;
    %pushi/vec4 48, 0, 7;
    %split/vec4 1;
    %store/vec4 v0x61d93d3d1cf0_0, 0, 1;
    %split/vec4 1;
    %store/vec4 v0x61d93d3d1c20_0, 0, 1;
    %split/vec4 1;
    %store/vec4 v0x61d93d3d1b30_0, 0, 1;
    %split/vec4 1;
    %store/vec4 v0x61d93d3d1a60_0, 0, 1;
    %split/vec4 1;
    %store/vec4 v0x61d93d3d1960_0, 0, 1;
    %split/vec4 1;
    %store/vec4 v0x61d93d3d1890_0, 0, 1;
    %store/vec4 v0x61d93d3d17a0_0, 0, 1;
    %jmp T_19.11;
T_19.2 ;
    %pushi/vec4 109, 0, 7;
    %split/vec4 1;
    %store/vec4 v0x61d93d3d1cf0_0, 0, 1;
    %split/vec4 1;
    %store/vec4 v0x61d93d3d1c20_0, 0, 1;
    %split/vec4 1;
    %store/vec4 v0x61d93d3d1b30_0, 0, 1;
    %split/vec4 1;
    %store/vec4 v0x61d93d3d1a60_0, 0, 1;
    %split/vec4 1;
    %store/vec4 v0x61d93d3d1960_0, 0, 1;
    %split/vec4 1;
    %store/vec4 v0x61d93d3d1890_0, 0, 1;
    %store/vec4 v0x61d93d3d17a0_0, 0, 1;
    %jmp T_19.11;
T_19.3 ;
    %pushi/vec4 121, 0, 7;
    %split/vec4 1;
    %store/vec4 v0x61d93d3d1cf0_0, 0, 1;
    %split/vec4 1;
    %store/vec4 v0x61d93d3d1c20_0, 0, 1;
    %split/vec4 1;
    %store/vec4 v0x61d93d3d1b30_0, 0, 1;
    %split/vec4 1;
    %store/vec4 v0x61d93d3d1a60_0, 0, 1;
    %split/vec4 1;
    %store/vec4 v0x61d93d3d1960_0, 0, 1;
    %split/vec4 1;
    %store/vec4 v0x61d93d3d1890_0, 0, 1;
    %store/vec4 v0x61d93d3d17a0_0, 0, 1;
    %jmp T_19.11;
T_19.4 ;
    %pushi/vec4 51, 0, 7;
    %split/vec4 1;
    %store/vec4 v0x61d93d3d1cf0_0, 0, 1;
    %split/vec4 1;
    %store/vec4 v0x61d93d3d1c20_0, 0, 1;
    %split/vec4 1;
    %store/vec4 v0x61d93d3d1b30_0, 0, 1;
    %split/vec4 1;
    %store/vec4 v0x61d93d3d1a60_0, 0, 1;
    %split/vec4 1;
    %store/vec4 v0x61d93d3d1960_0, 0, 1;
    %split/vec4 1;
    %store/vec4 v0x61d93d3d1890_0, 0, 1;
    %store/vec4 v0x61d93d3d17a0_0, 0, 1;
    %jmp T_19.11;
T_19.5 ;
    %pushi/vec4 91, 0, 7;
    %split/vec4 1;
    %store/vec4 v0x61d93d3d1cf0_0, 0, 1;
    %split/vec4 1;
    %store/vec4 v0x61d93d3d1c20_0, 0, 1;
    %split/vec4 1;
    %store/vec4 v0x61d93d3d1b30_0, 0, 1;
    %split/vec4 1;
    %store/vec4 v0x61d93d3d1a60_0, 0, 1;
    %split/vec4 1;
    %store/vec4 v0x61d93d3d1960_0, 0, 1;
    %split/vec4 1;
    %store/vec4 v0x61d93d3d1890_0, 0, 1;
    %store/vec4 v0x61d93d3d17a0_0, 0, 1;
    %jmp T_19.11;
T_19.6 ;
    %pushi/vec4 95, 0, 7;
    %split/vec4 1;
    %store/vec4 v0x61d93d3d1cf0_0, 0, 1;
    %split/vec4 1;
    %store/vec4 v0x61d93d3d1c20_0, 0, 1;
    %split/vec4 1;
    %store/vec4 v0x61d93d3d1b30_0, 0, 1;
    %split/vec4 1;
    %store/vec4 v0x61d93d3d1a60_0, 0, 1;
    %split/vec4 1;
    %store/vec4 v0x61d93d3d1960_0, 0, 1;
    %split/vec4 1;
    %store/vec4 v0x61d93d3d1890_0, 0, 1;
    %store/vec4 v0x61d93d3d17a0_0, 0, 1;
    %jmp T_19.11;
T_19.7 ;
    %pushi/vec4 112, 0, 7;
    %split/vec4 1;
    %store/vec4 v0x61d93d3d1cf0_0, 0, 1;
    %split/vec4 1;
    %store/vec4 v0x61d93d3d1c20_0, 0, 1;
    %split/vec4 1;
    %store/vec4 v0x61d93d3d1b30_0, 0, 1;
    %split/vec4 1;
    %store/vec4 v0x61d93d3d1a60_0, 0, 1;
    %split/vec4 1;
    %store/vec4 v0x61d93d3d1960_0, 0, 1;
    %split/vec4 1;
    %store/vec4 v0x61d93d3d1890_0, 0, 1;
    %store/vec4 v0x61d93d3d17a0_0, 0, 1;
    %jmp T_19.11;
T_19.8 ;
    %pushi/vec4 127, 0, 7;
    %split/vec4 1;
    %store/vec4 v0x61d93d3d1cf0_0, 0, 1;
    %split/vec4 1;
    %store/vec4 v0x61d93d3d1c20_0, 0, 1;
    %split/vec4 1;
    %store/vec4 v0x61d93d3d1b30_0, 0, 1;
    %split/vec4 1;
    %store/vec4 v0x61d93d3d1a60_0, 0, 1;
    %split/vec4 1;
    %store/vec4 v0x61d93d3d1960_0, 0, 1;
    %split/vec4 1;
    %store/vec4 v0x61d93d3d1890_0, 0, 1;
    %store/vec4 v0x61d93d3d17a0_0, 0, 1;
    %jmp T_19.11;
T_19.9 ;
    %pushi/vec4 123, 0, 7;
    %split/vec4 1;
    %store/vec4 v0x61d93d3d1cf0_0, 0, 1;
    %split/vec4 1;
    %store/vec4 v0x61d93d3d1c20_0, 0, 1;
    %split/vec4 1;
    %store/vec4 v0x61d93d3d1b30_0, 0, 1;
    %split/vec4 1;
    %store/vec4 v0x61d93d3d1a60_0, 0, 1;
    %split/vec4 1;
    %store/vec4 v0x61d93d3d1960_0, 0, 1;
    %split/vec4 1;
    %store/vec4 v0x61d93d3d1890_0, 0, 1;
    %store/vec4 v0x61d93d3d17a0_0, 0, 1;
    %jmp T_19.11;
T_19.11 ;
    %pop/vec4 1;
    %jmp T_19;
    .thread T_19, $push;
    .scope S_0x61d93d3c8e00;
T_20 ;
    %wait E_0x61d93d3c71d0;
    %load/vec4 v0x61d93d3c9710_0;
    %dup/vec4;
    %pushi/vec4 0, 0, 4;
    %cmp/u;
    %jmp/1 T_20.0, 6;
    %dup/vec4;
    %pushi/vec4 1, 0, 4;
    %cmp/u;
    %jmp/1 T_20.1, 6;
    %dup/vec4;
    %pushi/vec4 2, 0, 4;
    %cmp/u;
    %jmp/1 T_20.2, 6;
    %dup/vec4;
    %pushi/vec4 3, 0, 4;
    %cmp/u;
    %jmp/1 T_20.3, 6;
    %dup/vec4;
    %pushi/vec4 4, 0, 4;
    %cmp/u;
    %jmp/1 T_20.4, 6;
    %dup/vec4;
    %pushi/vec4 5, 0, 4;
    %cmp/u;
    %jmp/1 T_20.5, 6;
    %dup/vec4;
    %pushi/vec4 6, 0, 4;
    %cmp/u;
    %jmp/1 T_20.6, 6;
    %dup/vec4;
    %pushi/vec4 7, 0, 4;
    %cmp/u;
    %jmp/1 T_20.7, 6;
    %dup/vec4;
    %pushi/vec4 8, 0, 4;
    %cmp/u;
    %jmp/1 T_20.8, 6;
    %dup/vec4;
    %pushi/vec4 9, 0, 4;
    %cmp/u;
    %jmp/1 T_20.9, 6;
    %pushi/vec4 127, 127, 7;
    %split/vec4 1;
    %store/vec4 v0x61d93d3c9640_0, 0, 1;
    %split/vec4 1;
    %store/vec4 v0x61d93d3c9570_0, 0, 1;
    %split/vec4 1;
    %store/vec4 v0x61d93d3c9480_0, 0, 1;
    %split/vec4 1;
    %store/vec4 v0x61d93d3c93b0_0, 0, 1;
    %split/vec4 1;
    %store/vec4 v0x61d93d3c92b0_0, 0, 1;
    %split/vec4 1;
    %store/vec4 v0x61d93d3c91e0_0, 0, 1;
    %store/vec4 v0x61d93d3c90f0_0, 0, 1;
    %jmp T_20.11;
T_20.0 ;
    %pushi/vec4 126, 0, 7;
    %split/vec4 1;
    %store/vec4 v0x61d93d3c9640_0, 0, 1;
    %split/vec4 1;
    %store/vec4 v0x61d93d3c9570_0, 0, 1;
    %split/vec4 1;
    %store/vec4 v0x61d93d3c9480_0, 0, 1;
    %split/vec4 1;
    %store/vec4 v0x61d93d3c93b0_0, 0, 1;
    %split/vec4 1;
    %store/vec4 v0x61d93d3c92b0_0, 0, 1;
    %split/vec4 1;
    %store/vec4 v0x61d93d3c91e0_0, 0, 1;
    %store/vec4 v0x61d93d3c90f0_0, 0, 1;
    %jmp T_20.11;
T_20.1 ;
    %pushi/vec4 48, 0, 7;
    %split/vec4 1;
    %store/vec4 v0x61d93d3c9640_0, 0, 1;
    %split/vec4 1;
    %store/vec4 v0x61d93d3c9570_0, 0, 1;
    %split/vec4 1;
    %store/vec4 v0x61d93d3c9480_0, 0, 1;
    %split/vec4 1;
    %store/vec4 v0x61d93d3c93b0_0, 0, 1;
    %split/vec4 1;
    %store/vec4 v0x61d93d3c92b0_0, 0, 1;
    %split/vec4 1;
    %store/vec4 v0x61d93d3c91e0_0, 0, 1;
    %store/vec4 v0x61d93d3c90f0_0, 0, 1;
    %jmp T_20.11;
T_20.2 ;
    %pushi/vec4 109, 0, 7;
    %split/vec4 1;
    %store/vec4 v0x61d93d3c9640_0, 0, 1;
    %split/vec4 1;
    %store/vec4 v0x61d93d3c9570_0, 0, 1;
    %split/vec4 1;
    %store/vec4 v0x61d93d3c9480_0, 0, 1;
    %split/vec4 1;
    %store/vec4 v0x61d93d3c93b0_0, 0, 1;
    %split/vec4 1;
    %store/vec4 v0x61d93d3c92b0_0, 0, 1;
    %split/vec4 1;
    %store/vec4 v0x61d93d3c91e0_0, 0, 1;
    %store/vec4 v0x61d93d3c90f0_0, 0, 1;
    %jmp T_20.11;
T_20.3 ;
    %pushi/vec4 121, 0, 7;
    %split/vec4 1;
    %store/vec4 v0x61d93d3c9640_0, 0, 1;
    %split/vec4 1;
    %store/vec4 v0x61d93d3c9570_0, 0, 1;
    %split/vec4 1;
    %store/vec4 v0x61d93d3c9480_0, 0, 1;
    %split/vec4 1;
    %store/vec4 v0x61d93d3c93b0_0, 0, 1;
    %split/vec4 1;
    %store/vec4 v0x61d93d3c92b0_0, 0, 1;
    %split/vec4 1;
    %store/vec4 v0x61d93d3c91e0_0, 0, 1;
    %store/vec4 v0x61d93d3c90f0_0, 0, 1;
    %jmp T_20.11;
T_20.4 ;
    %pushi/vec4 51, 0, 7;
    %split/vec4 1;
    %store/vec4 v0x61d93d3c9640_0, 0, 1;
    %split/vec4 1;
    %store/vec4 v0x61d93d3c9570_0, 0, 1;
    %split/vec4 1;
    %store/vec4 v0x61d93d3c9480_0, 0, 1;
    %split/vec4 1;
    %store/vec4 v0x61d93d3c93b0_0, 0, 1;
    %split/vec4 1;
    %store/vec4 v0x61d93d3c92b0_0, 0, 1;
    %split/vec4 1;
    %store/vec4 v0x61d93d3c91e0_0, 0, 1;
    %store/vec4 v0x61d93d3c90f0_0, 0, 1;
    %jmp T_20.11;
T_20.5 ;
    %pushi/vec4 91, 0, 7;
    %split/vec4 1;
    %store/vec4 v0x61d93d3c9640_0, 0, 1;
    %split/vec4 1;
    %store/vec4 v0x61d93d3c9570_0, 0, 1;
    %split/vec4 1;
    %store/vec4 v0x61d93d3c9480_0, 0, 1;
    %split/vec4 1;
    %store/vec4 v0x61d93d3c93b0_0, 0, 1;
    %split/vec4 1;
    %store/vec4 v0x61d93d3c92b0_0, 0, 1;
    %split/vec4 1;
    %store/vec4 v0x61d93d3c91e0_0, 0, 1;
    %store/vec4 v0x61d93d3c90f0_0, 0, 1;
    %jmp T_20.11;
T_20.6 ;
    %pushi/vec4 95, 0, 7;
    %split/vec4 1;
    %store/vec4 v0x61d93d3c9640_0, 0, 1;
    %split/vec4 1;
    %store/vec4 v0x61d93d3c9570_0, 0, 1;
    %split/vec4 1;
    %store/vec4 v0x61d93d3c9480_0, 0, 1;
    %split/vec4 1;
    %store/vec4 v0x61d93d3c93b0_0, 0, 1;
    %split/vec4 1;
    %store/vec4 v0x61d93d3c92b0_0, 0, 1;
    %split/vec4 1;
    %store/vec4 v0x61d93d3c91e0_0, 0, 1;
    %store/vec4 v0x61d93d3c90f0_0, 0, 1;
    %jmp T_20.11;
T_20.7 ;
    %pushi/vec4 112, 0, 7;
    %split/vec4 1;
    %store/vec4 v0x61d93d3c9640_0, 0, 1;
    %split/vec4 1;
    %store/vec4 v0x61d93d3c9570_0, 0, 1;
    %split/vec4 1;
    %store/vec4 v0x61d93d3c9480_0, 0, 1;
    %split/vec4 1;
    %store/vec4 v0x61d93d3c93b0_0, 0, 1;
    %split/vec4 1;
    %store/vec4 v0x61d93d3c92b0_0, 0, 1;
    %split/vec4 1;
    %store/vec4 v0x61d93d3c91e0_0, 0, 1;
    %store/vec4 v0x61d93d3c90f0_0, 0, 1;
    %jmp T_20.11;
T_20.8 ;
    %pushi/vec4 127, 0, 7;
    %split/vec4 1;
    %store/vec4 v0x61d93d3c9640_0, 0, 1;
    %split/vec4 1;
    %store/vec4 v0x61d93d3c9570_0, 0, 1;
    %split/vec4 1;
    %store/vec4 v0x61d93d3c9480_0, 0, 1;
    %split/vec4 1;
    %store/vec4 v0x61d93d3c93b0_0, 0, 1;
    %split/vec4 1;
    %store/vec4 v0x61d93d3c92b0_0, 0, 1;
    %split/vec4 1;
    %store/vec4 v0x61d93d3c91e0_0, 0, 1;
    %store/vec4 v0x61d93d3c90f0_0, 0, 1;
    %jmp T_20.11;
T_20.9 ;
    %pushi/vec4 123, 0, 7;
    %split/vec4 1;
    %store/vec4 v0x61d93d3c9640_0, 0, 1;
    %split/vec4 1;
    %store/vec4 v0x61d93d3c9570_0, 0, 1;
    %split/vec4 1;
    %store/vec4 v0x61d93d3c9480_0, 0, 1;
    %split/vec4 1;
    %store/vec4 v0x61d93d3c93b0_0, 0, 1;
    %split/vec4 1;
    %store/vec4 v0x61d93d3c92b0_0, 0, 1;
    %split/vec4 1;
    %store/vec4 v0x61d93d3c91e0_0, 0, 1;
    %store/vec4 v0x61d93d3c90f0_0, 0, 1;
    %jmp T_20.11;
T_20.11 ;
    %pop/vec4 1;
    %jmp T_20;
    .thread T_20, $push;
    .scope S_0x61d93d3d0a30;
T_21 ;
    %wait E_0x61d93d3d0ce0;
    %load/vec4 v0x61d93d3d1350_0;
    %dup/vec4;
    %pushi/vec4 0, 0, 4;
    %cmp/u;
    %jmp/1 T_21.0, 6;
    %dup/vec4;
    %pushi/vec4 1, 0, 4;
    %cmp/u;
    %jmp/1 T_21.1, 6;
    %dup/vec4;
    %pushi/vec4 2, 0, 4;
    %cmp/u;
    %jmp/1 T_21.2, 6;
    %dup/vec4;
    %pushi/vec4 3, 0, 4;
    %cmp/u;
    %jmp/1 T_21.3, 6;
    %dup/vec4;
    %pushi/vec4 4, 0, 4;
    %cmp/u;
    %jmp/1 T_21.4, 6;
    %dup/vec4;
    %pushi/vec4 5, 0, 4;
    %cmp/u;
    %jmp/1 T_21.5, 6;
    %dup/vec4;
    %pushi/vec4 6, 0, 4;
    %cmp/u;
    %jmp/1 T_21.6, 6;
    %dup/vec4;
    %pushi/vec4 7, 0, 4;
    %cmp/u;
    %jmp/1 T_21.7, 6;
    %dup/vec4;
    %pushi/vec4 8, 0, 4;
    %cmp/u;
    %jmp/1 T_21.8, 6;
    %dup/vec4;
    %pushi/vec4 9, 0, 4;
    %cmp/u;
    %jmp/1 T_21.9, 6;
    %pushi/vec4 127, 127, 7;
    %split/vec4 1;
    %store/vec4 v0x61d93d3d1280_0, 0, 1;
    %split/vec4 1;
    %store/vec4 v0x61d93d3d11b0_0, 0, 1;
    %split/vec4 1;
    %store/vec4 v0x61d93d3d10c0_0, 0, 1;
    %split/vec4 1;
    %store/vec4 v0x61d93d3d0ff0_0, 0, 1;
    %split/vec4 1;
    %store/vec4 v0x61d93d3d0ef0_0, 0, 1;
    %split/vec4 1;
    %store/vec4 v0x61d93d3d0e20_0, 0, 1;
    %store/vec4 v0x61d93d3d0d60_0, 0, 1;
    %jmp T_21.11;
T_21.0 ;
    %pushi/vec4 126, 0, 7;
    %split/vec4 1;
    %store/vec4 v0x61d93d3d1280_0, 0, 1;
    %split/vec4 1;
    %store/vec4 v0x61d93d3d11b0_0, 0, 1;
    %split/vec4 1;
    %store/vec4 v0x61d93d3d10c0_0, 0, 1;
    %split/vec4 1;
    %store/vec4 v0x61d93d3d0ff0_0, 0, 1;
    %split/vec4 1;
    %store/vec4 v0x61d93d3d0ef0_0, 0, 1;
    %split/vec4 1;
    %store/vec4 v0x61d93d3d0e20_0, 0, 1;
    %store/vec4 v0x61d93d3d0d60_0, 0, 1;
    %jmp T_21.11;
T_21.1 ;
    %pushi/vec4 48, 0, 7;
    %split/vec4 1;
    %store/vec4 v0x61d93d3d1280_0, 0, 1;
    %split/vec4 1;
    %store/vec4 v0x61d93d3d11b0_0, 0, 1;
    %split/vec4 1;
    %store/vec4 v0x61d93d3d10c0_0, 0, 1;
    %split/vec4 1;
    %store/vec4 v0x61d93d3d0ff0_0, 0, 1;
    %split/vec4 1;
    %store/vec4 v0x61d93d3d0ef0_0, 0, 1;
    %split/vec4 1;
    %store/vec4 v0x61d93d3d0e20_0, 0, 1;
    %store/vec4 v0x61d93d3d0d60_0, 0, 1;
    %jmp T_21.11;
T_21.2 ;
    %pushi/vec4 109, 0, 7;
    %split/vec4 1;
    %store/vec4 v0x61d93d3d1280_0, 0, 1;
    %split/vec4 1;
    %store/vec4 v0x61d93d3d11b0_0, 0, 1;
    %split/vec4 1;
    %store/vec4 v0x61d93d3d10c0_0, 0, 1;
    %split/vec4 1;
    %store/vec4 v0x61d93d3d0ff0_0, 0, 1;
    %split/vec4 1;
    %store/vec4 v0x61d93d3d0ef0_0, 0, 1;
    %split/vec4 1;
    %store/vec4 v0x61d93d3d0e20_0, 0, 1;
    %store/vec4 v0x61d93d3d0d60_0, 0, 1;
    %jmp T_21.11;
T_21.3 ;
    %pushi/vec4 121, 0, 7;
    %split/vec4 1;
    %store/vec4 v0x61d93d3d1280_0, 0, 1;
    %split/vec4 1;
    %store/vec4 v0x61d93d3d11b0_0, 0, 1;
    %split/vec4 1;
    %store/vec4 v0x61d93d3d10c0_0, 0, 1;
    %split/vec4 1;
    %store/vec4 v0x61d93d3d0ff0_0, 0, 1;
    %split/vec4 1;
    %store/vec4 v0x61d93d3d0ef0_0, 0, 1;
    %split/vec4 1;
    %store/vec4 v0x61d93d3d0e20_0, 0, 1;
    %store/vec4 v0x61d93d3d0d60_0, 0, 1;
    %jmp T_21.11;
T_21.4 ;
    %pushi/vec4 51, 0, 7;
    %split/vec4 1;
    %store/vec4 v0x61d93d3d1280_0, 0, 1;
    %split/vec4 1;
    %store/vec4 v0x61d93d3d11b0_0, 0, 1;
    %split/vec4 1;
    %store/vec4 v0x61d93d3d10c0_0, 0, 1;
    %split/vec4 1;
    %store/vec4 v0x61d93d3d0ff0_0, 0, 1;
    %split/vec4 1;
    %store/vec4 v0x61d93d3d0ef0_0, 0, 1;
    %split/vec4 1;
    %store/vec4 v0x61d93d3d0e20_0, 0, 1;
    %store/vec4 v0x61d93d3d0d60_0, 0, 1;
    %jmp T_21.11;
T_21.5 ;
    %pushi/vec4 91, 0, 7;
    %split/vec4 1;
    %store/vec4 v0x61d93d3d1280_0, 0, 1;
    %split/vec4 1;
    %store/vec4 v0x61d93d3d11b0_0, 0, 1;
    %split/vec4 1;
    %store/vec4 v0x61d93d3d10c0_0, 0, 1;
    %split/vec4 1;
    %store/vec4 v0x61d93d3d0ff0_0, 0, 1;
    %split/vec4 1;
    %store/vec4 v0x61d93d3d0ef0_0, 0, 1;
    %split/vec4 1;
    %store/vec4 v0x61d93d3d0e20_0, 0, 1;
    %store/vec4 v0x61d93d3d0d60_0, 0, 1;
    %jmp T_21.11;
T_21.6 ;
    %pushi/vec4 95, 0, 7;
    %split/vec4 1;
    %store/vec4 v0x61d93d3d1280_0, 0, 1;
    %split/vec4 1;
    %store/vec4 v0x61d93d3d11b0_0, 0, 1;
    %split/vec4 1;
    %store/vec4 v0x61d93d3d10c0_0, 0, 1;
    %split/vec4 1;
    %store/vec4 v0x61d93d3d0ff0_0, 0, 1;
    %split/vec4 1;
    %store/vec4 v0x61d93d3d0ef0_0, 0, 1;
    %split/vec4 1;
    %store/vec4 v0x61d93d3d0e20_0, 0, 1;
    %store/vec4 v0x61d93d3d0d60_0, 0, 1;
    %jmp T_21.11;
T_21.7 ;
    %pushi/vec4 112, 0, 7;
    %split/vec4 1;
    %store/vec4 v0x61d93d3d1280_0, 0, 1;
    %split/vec4 1;
    %store/vec4 v0x61d93d3d11b0_0, 0, 1;
    %split/vec4 1;
    %store/vec4 v0x61d93d3d10c0_0, 0, 1;
    %split/vec4 1;
    %store/vec4 v0x61d93d3d0ff0_0, 0, 1;
    %split/vec4 1;
    %store/vec4 v0x61d93d3d0ef0_0, 0, 1;
    %split/vec4 1;
    %store/vec4 v0x61d93d3d0e20_0, 0, 1;
    %store/vec4 v0x61d93d3d0d60_0, 0, 1;
    %jmp T_21.11;
T_21.8 ;
    %pushi/vec4 127, 0, 7;
    %split/vec4 1;
    %store/vec4 v0x61d93d3d1280_0, 0, 1;
    %split/vec4 1;
    %store/vec4 v0x61d93d3d11b0_0, 0, 1;
    %split/vec4 1;
    %store/vec4 v0x61d93d3d10c0_0, 0, 1;
    %split/vec4 1;
    %store/vec4 v0x61d93d3d0ff0_0, 0, 1;
    %split/vec4 1;
    %store/vec4 v0x61d93d3d0ef0_0, 0, 1;
    %split/vec4 1;
    %store/vec4 v0x61d93d3d0e20_0, 0, 1;
    %store/vec4 v0x61d93d3d0d60_0, 0, 1;
    %jmp T_21.11;
T_21.9 ;
    %pushi/vec4 123, 0, 7;
    %split/vec4 1;
    %store/vec4 v0x61d93d3d1280_0, 0, 1;
    %split/vec4 1;
    %store/vec4 v0x61d93d3d11b0_0, 0, 1;
    %split/vec4 1;
    %store/vec4 v0x61d93d3d10c0_0, 0, 1;
    %split/vec4 1;
    %store/vec4 v0x61d93d3d0ff0_0, 0, 1;
    %split/vec4 1;
    %store/vec4 v0x61d93d3d0ef0_0, 0, 1;
    %split/vec4 1;
    %store/vec4 v0x61d93d3d0e20_0, 0, 1;
    %store/vec4 v0x61d93d3d0d60_0, 0, 1;
    %jmp T_21.11;
T_21.11 ;
    %pop/vec4 1;
    %jmp T_21;
    .thread T_21, $push;
    .scope S_0x61d93d3c9830;
T_22 ;
    %wait E_0x61d93d3c9b30;
    %load/vec4 v0x61d93d3ca1a0_0;
    %dup/vec4;
    %pushi/vec4 0, 0, 4;
    %cmp/u;
    %jmp/1 T_22.0, 6;
    %dup/vec4;
    %pushi/vec4 1, 0, 4;
    %cmp/u;
    %jmp/1 T_22.1, 6;
    %dup/vec4;
    %pushi/vec4 2, 0, 4;
    %cmp/u;
    %jmp/1 T_22.2, 6;
    %dup/vec4;
    %pushi/vec4 3, 0, 4;
    %cmp/u;
    %jmp/1 T_22.3, 6;
    %dup/vec4;
    %pushi/vec4 4, 0, 4;
    %cmp/u;
    %jmp/1 T_22.4, 6;
    %dup/vec4;
    %pushi/vec4 5, 0, 4;
    %cmp/u;
    %jmp/1 T_22.5, 6;
    %dup/vec4;
    %pushi/vec4 6, 0, 4;
    %cmp/u;
    %jmp/1 T_22.6, 6;
    %dup/vec4;
    %pushi/vec4 7, 0, 4;
    %cmp/u;
    %jmp/1 T_22.7, 6;
    %dup/vec4;
    %pushi/vec4 8, 0, 4;
    %cmp/u;
    %jmp/1 T_22.8, 6;
    %dup/vec4;
    %pushi/vec4 9, 0, 4;
    %cmp/u;
    %jmp/1 T_22.9, 6;
    %pushi/vec4 127, 127, 7;
    %split/vec4 1;
    %store/vec4 v0x61d93d3ca0d0_0, 0, 1;
    %split/vec4 1;
    %store/vec4 v0x61d93d3ca000_0, 0, 1;
    %split/vec4 1;
    %store/vec4 v0x61d93d3c9f10_0, 0, 1;
    %split/vec4 1;
    %store/vec4 v0x61d93d3c9e40_0, 0, 1;
    %split/vec4 1;
    %store/vec4 v0x61d93d3c9d40_0, 0, 1;
    %split/vec4 1;
    %store/vec4 v0x61d93d3c9c70_0, 0, 1;
    %store/vec4 v0x61d93d3c9bb0_0, 0, 1;
    %jmp T_22.11;
T_22.0 ;
    %pushi/vec4 126, 0, 7;
    %split/vec4 1;
    %store/vec4 v0x61d93d3ca0d0_0, 0, 1;
    %split/vec4 1;
    %store/vec4 v0x61d93d3ca000_0, 0, 1;
    %split/vec4 1;
    %store/vec4 v0x61d93d3c9f10_0, 0, 1;
    %split/vec4 1;
    %store/vec4 v0x61d93d3c9e40_0, 0, 1;
    %split/vec4 1;
    %store/vec4 v0x61d93d3c9d40_0, 0, 1;
    %split/vec4 1;
    %store/vec4 v0x61d93d3c9c70_0, 0, 1;
    %store/vec4 v0x61d93d3c9bb0_0, 0, 1;
    %jmp T_22.11;
T_22.1 ;
    %pushi/vec4 48, 0, 7;
    %split/vec4 1;
    %store/vec4 v0x61d93d3ca0d0_0, 0, 1;
    %split/vec4 1;
    %store/vec4 v0x61d93d3ca000_0, 0, 1;
    %split/vec4 1;
    %store/vec4 v0x61d93d3c9f10_0, 0, 1;
    %split/vec4 1;
    %store/vec4 v0x61d93d3c9e40_0, 0, 1;
    %split/vec4 1;
    %store/vec4 v0x61d93d3c9d40_0, 0, 1;
    %split/vec4 1;
    %store/vec4 v0x61d93d3c9c70_0, 0, 1;
    %store/vec4 v0x61d93d3c9bb0_0, 0, 1;
    %jmp T_22.11;
T_22.2 ;
    %pushi/vec4 109, 0, 7;
    %split/vec4 1;
    %store/vec4 v0x61d93d3ca0d0_0, 0, 1;
    %split/vec4 1;
    %store/vec4 v0x61d93d3ca000_0, 0, 1;
    %split/vec4 1;
    %store/vec4 v0x61d93d3c9f10_0, 0, 1;
    %split/vec4 1;
    %store/vec4 v0x61d93d3c9e40_0, 0, 1;
    %split/vec4 1;
    %store/vec4 v0x61d93d3c9d40_0, 0, 1;
    %split/vec4 1;
    %store/vec4 v0x61d93d3c9c70_0, 0, 1;
    %store/vec4 v0x61d93d3c9bb0_0, 0, 1;
    %jmp T_22.11;
T_22.3 ;
    %pushi/vec4 121, 0, 7;
    %split/vec4 1;
    %store/vec4 v0x61d93d3ca0d0_0, 0, 1;
    %split/vec4 1;
    %store/vec4 v0x61d93d3ca000_0, 0, 1;
    %split/vec4 1;
    %store/vec4 v0x61d93d3c9f10_0, 0, 1;
    %split/vec4 1;
    %store/vec4 v0x61d93d3c9e40_0, 0, 1;
    %split/vec4 1;
    %store/vec4 v0x61d93d3c9d40_0, 0, 1;
    %split/vec4 1;
    %store/vec4 v0x61d93d3c9c70_0, 0, 1;
    %store/vec4 v0x61d93d3c9bb0_0, 0, 1;
    %jmp T_22.11;
T_22.4 ;
    %pushi/vec4 51, 0, 7;
    %split/vec4 1;
    %store/vec4 v0x61d93d3ca0d0_0, 0, 1;
    %split/vec4 1;
    %store/vec4 v0x61d93d3ca000_0, 0, 1;
    %split/vec4 1;
    %store/vec4 v0x61d93d3c9f10_0, 0, 1;
    %split/vec4 1;
    %store/vec4 v0x61d93d3c9e40_0, 0, 1;
    %split/vec4 1;
    %store/vec4 v0x61d93d3c9d40_0, 0, 1;
    %split/vec4 1;
    %store/vec4 v0x61d93d3c9c70_0, 0, 1;
    %store/vec4 v0x61d93d3c9bb0_0, 0, 1;
    %jmp T_22.11;
T_22.5 ;
    %pushi/vec4 91, 0, 7;
    %split/vec4 1;
    %store/vec4 v0x61d93d3ca0d0_0, 0, 1;
    %split/vec4 1;
    %store/vec4 v0x61d93d3ca000_0, 0, 1;
    %split/vec4 1;
    %store/vec4 v0x61d93d3c9f10_0, 0, 1;
    %split/vec4 1;
    %store/vec4 v0x61d93d3c9e40_0, 0, 1;
    %split/vec4 1;
    %store/vec4 v0x61d93d3c9d40_0, 0, 1;
    %split/vec4 1;
    %store/vec4 v0x61d93d3c9c70_0, 0, 1;
    %store/vec4 v0x61d93d3c9bb0_0, 0, 1;
    %jmp T_22.11;
T_22.6 ;
    %pushi/vec4 95, 0, 7;
    %split/vec4 1;
    %store/vec4 v0x61d93d3ca0d0_0, 0, 1;
    %split/vec4 1;
    %store/vec4 v0x61d93d3ca000_0, 0, 1;
    %split/vec4 1;
    %store/vec4 v0x61d93d3c9f10_0, 0, 1;
    %split/vec4 1;
    %store/vec4 v0x61d93d3c9e40_0, 0, 1;
    %split/vec4 1;
    %store/vec4 v0x61d93d3c9d40_0, 0, 1;
    %split/vec4 1;
    %store/vec4 v0x61d93d3c9c70_0, 0, 1;
    %store/vec4 v0x61d93d3c9bb0_0, 0, 1;
    %jmp T_22.11;
T_22.7 ;
    %pushi/vec4 112, 0, 7;
    %split/vec4 1;
    %store/vec4 v0x61d93d3ca0d0_0, 0, 1;
    %split/vec4 1;
    %store/vec4 v0x61d93d3ca000_0, 0, 1;
    %split/vec4 1;
    %store/vec4 v0x61d93d3c9f10_0, 0, 1;
    %split/vec4 1;
    %store/vec4 v0x61d93d3c9e40_0, 0, 1;
    %split/vec4 1;
    %store/vec4 v0x61d93d3c9d40_0, 0, 1;
    %split/vec4 1;
    %store/vec4 v0x61d93d3c9c70_0, 0, 1;
    %store/vec4 v0x61d93d3c9bb0_0, 0, 1;
    %jmp T_22.11;
T_22.8 ;
    %pushi/vec4 127, 0, 7;
    %split/vec4 1;
    %store/vec4 v0x61d93d3ca0d0_0, 0, 1;
    %split/vec4 1;
    %store/vec4 v0x61d93d3ca000_0, 0, 1;
    %split/vec4 1;
    %store/vec4 v0x61d93d3c9f10_0, 0, 1;
    %split/vec4 1;
    %store/vec4 v0x61d93d3c9e40_0, 0, 1;
    %split/vec4 1;
    %store/vec4 v0x61d93d3c9d40_0, 0, 1;
    %split/vec4 1;
    %store/vec4 v0x61d93d3c9c70_0, 0, 1;
    %store/vec4 v0x61d93d3c9bb0_0, 0, 1;
    %jmp T_22.11;
T_22.9 ;
    %pushi/vec4 123, 0, 7;
    %split/vec4 1;
    %store/vec4 v0x61d93d3ca0d0_0, 0, 1;
    %split/vec4 1;
    %store/vec4 v0x61d93d3ca000_0, 0, 1;
    %split/vec4 1;
    %store/vec4 v0x61d93d3c9f10_0, 0, 1;
    %split/vec4 1;
    %store/vec4 v0x61d93d3c9e40_0, 0, 1;
    %split/vec4 1;
    %store/vec4 v0x61d93d3c9d40_0, 0, 1;
    %split/vec4 1;
    %store/vec4 v0x61d93d3c9c70_0, 0, 1;
    %store/vec4 v0x61d93d3c9bb0_0, 0, 1;
    %jmp T_22.11;
T_22.11 ;
    %pop/vec4 1;
    %jmp T_22;
    .thread T_22, $push;
    .scope S_0x61d93d389690;
T_23 ;
    %pushi/vec4 0, 0, 1;
    %store/vec4 v0x61d93d37a060_0, 0, 1;
    %end;
    .thread T_23;
    .scope S_0x61d93d389690;
T_24 ;
    %wait E_0x61d93d327d00;
    %load/vec4 v0x61d93d37faf0_0;
    %flag_set/vec4 9;
    %flag_get/vec4 9;
    %jmp/0 T_24.2, 9;
    %load/vec4 v0x61d93d37a060_0;
    %nor/r;
    %and;
T_24.2;
    %flag_set/vec4 8;
    %jmp/0xz  T_24.0, 8;
    %vpi_call/w 3 341 "$display", "Starting test case #%d", v0x61d93d37a130_0 {0 0 0};
    %pushi/vec4 1, 0, 1;
    %assign/vec4 v0x61d93d37a060_0, 0;
T_24.0 ;
    %jmp T_24;
    .thread T_24, $push;
    .scope S_0x61d93d3c2260;
T_25 ;
    %pushi/vec4 0, 0, 1;
    %store/vec4 v0x61d93d37a800_0, 0, 1;
    %end;
    .thread T_25;
    .scope S_0x61d93d3c2260;
T_26 ;
    %wait E_0x61d93d3b2bf0;
    %load/vec4 v0x61d93d37a730_0;
    %flag_set/vec4 9;
    %flag_get/vec4 9;
    %jmp/0 T_26.2, 9;
    %load/vec4 v0x61d93d37a800_0;
    %nor/r;
    %and;
T_26.2;
    %flag_set/vec4 8;
    %jmp/0xz  T_26.0, 8;
    %vpi_call/w 3 341 "$display", "Starting test case #%d", v0x61d93d38f350_0 {0 0 0};
    %pushi/vec4 1, 0, 1;
    %assign/vec4 v0x61d93d37a800_0, 0;
T_26.0 ;
    %jmp T_26;
    .thread T_26, $push;
    .scope S_0x61d93d3c2510;
T_27 ;
    %pushi/vec4 0, 0, 1;
    %store/vec4 v0x61d93d3c2740_0, 0, 1;
    %end;
    .thread T_27;
    .scope S_0x61d93d3c2510;
T_28 ;
    %wait E_0x61d93d3c26a0;
    %load/vec4 v0x61d93d38f3f0_0;
    %flag_set/vec4 9;
    %flag_get/vec4 9;
    %jmp/0 T_28.2, 9;
    %load/vec4 v0x61d93d3c2740_0;
    %nor/r;
    %and;
T_28.2;
    %flag_set/vec4 8;
    %jmp/0xz  T_28.0, 8;
    %vpi_call/w 3 341 "$display", "Starting test case #%d", v0x61d93d3c2800_0 {0 0 0};
    %pushi/vec4 1, 0, 1;
    %assign/vec4 v0x61d93d3c2740_0, 0;
T_28.0 ;
    %jmp T_28;
    .thread T_28, $push;
    .scope S_0x61d93d379160;
T_29 ;
    %pushi/vec4 100, 0, 32;
    %store/vec4 v0x61d93d3d7720_0, 0, 32;
    %pushi/vec4 10, 0, 32;
    %store/vec4 v0x61d93d3d7800_0, 0, 32;
    %pushi/vec4 10000000, 0, 32;
    %store/vec4 v0x61d93d3d6e40_0, 0, 32;
    %pushi/vec4 1000000000, 0, 32;
    %store/vec4 v0x61d93d3d7ed0_0, 0, 32;
    %pushi/vec4 1000000, 0, 32;
    %store/vec4 v0x61d93d3d79c0_0, 0, 32;
    %end;
    .thread T_29, $init;
    .scope S_0x61d93d379160;
T_30 ;
    %pushi/vec4 1, 0, 4;
    %store/vec4 v0x61d93d3d8210_0, 0, 4;
    %pushi/vec4 0, 0, 16;
    %store/vec4 v0x61d93d3d6ee0_0, 0, 16;
    %pushi/vec4 0, 0, 1;
    %store/vec4 v0x61d93d3d6ba0_0, 0, 1;
    %pushi/vec4 1, 0, 1;
    %store/vec4 v0x61d93d3d6da0_0, 0, 1;
    %pushi/vec4 0, 0, 1;
    %store/vec4 v0x61d93d3d6b00_0, 0, 1;
    %pushi/vec4 1, 0, 1;
    %store/vec4 v0x61d93d3d6430_0, 0, 1;
    %pushi/vec4 0, 0, 1;
    %store/vec4 v0x61d93d3d88a0_0, 0, 1;
    %pushi/vec4 0, 0, 14;
    %store/vec4 v0x61d93d3d74a0_0, 0, 14;
    %pushi/vec4 0, 0, 14;
    %store/vec4 v0x61d93d3d7560_0, 0, 14;
    %pushi/vec4 0, 0, 16;
    %store/vec4 v0x61d93d3d8070_0, 0, 16;
    %pushi/vec4 1, 0, 3;
    %store/vec4 v0x61d93d3d71a0_0, 0, 3;
    %vpi_func 3 158 "$random" 32 {0 0 0};
    %pushi/vec4 5000, 0, 32;
    %mod;
    %pad/u 16;
    %store/vec4 v0x61d93d3d8130_0, 0, 16;
    %pushi/vec4 200, 0, 32;
    %store/vec4 v0x61d93d3d7640_0, 0, 32;
    %pushi/vec4 70, 0, 32;
    %store/vec4 v0x61d93d3d78e0_0, 0, 32;
    %load/vec4 v0x61d93d3d7ed0_0;
    %load/vec4 v0x61d93d3d6e40_0;
    %muli 2, 0, 32;
    %div/s;
    %store/vec4 v0x61d93d3d7300_0, 0, 32;
    %vpi_func 3 163 "$random" 32 {0 0 0};
    %load/vec4 v0x61d93d3d7800_0;
    %addi 1, 0, 32;
    %mod/s;
    %store/vec4 v0x61d93d3d7df0_0, 0, 32;
    %pushi/vec4 0, 0, 1;
    %store/vec4 v0x61d93d3d6fc0_0, 0, 1;
    %pushi/vec4 0, 0, 1;
    %store/vec4 v0x61d93d3d7060_0, 0, 1;
    %pushi/vec4 0, 0, 1;
    %store/vec4 v0x61d93d3d7100_0, 0, 1;
    %end;
    .thread T_30;
    .scope S_0x61d93d379160;
T_31 ;
    %load/vec4 v0x61d93d3d7300_0;
    %pad/s 64;
    %muli 1000, 0, 64;
    %ix/vec4 4;
    %delayx 4;
    %load/vec4 v0x61d93d3d6ba0_0;
    %inv;
    %store/vec4 v0x61d93d3d6ba0_0, 0, 1;
    %jmp T_31;
    .thread T_31;
    .scope S_0x61d93d379160;
T_32 ;
    %wait E_0x61d93d328a60;
    %load/vec4 v0x61d93d3d8210_0;
    %dup/vec4;
    %pushi/vec4 2, 0, 4;
    %cmp/u;
    %jmp/1 T_32.1, 6;
    %dup/vec4;
    %pushi/vec4 3, 0, 4;
    %cmp/u;
    %jmp/1 T_32.2, 6;
    %dup/vec4;
    %pushi/vec4 4, 0, 4;
    %cmp/u;
    %jmp/1 T_32.3, 6;
    %pushi/vec4 1, 0, 1;
    %assign/vec4 v0x61d93d3d6fc0_0, 0;
    %pushi/vec4 1, 0, 1;
    %assign/vec4 v0x61d93d3d6b00_0, 0;
    %load/vec4 v0x61d93d3d8070_0;
    %pad/u 32;
    %cmpi/e 0, 0, 32;
    %jmp/0xz  T_32.5, 4;
    %load/vec4 v0x61d93d3d7240_0;
    %assign/vec4 v0x61d93d3d74a0_0, 0;
    %load/vec4 v0x61d93d3d8800_0;
    %assign/vec4 v0x61d93d3d7560_0, 0;
T_32.5 ;
    %load/vec4 v0x61d93d3d8760_0;
    %inv;
    %flag_set/vec4 8;
    %jmp/0xz  T_32.7, 8;
    %load/vec4 v0x61d93d3d8070_0;
    %addi 1, 0, 16;
    %assign/vec4 v0x61d93d3d8070_0, 0;
T_32.7 ;
    %vpi_func 3 204 "$random" 32 {0 0 0};
    %pushi/vec4 5000, 0, 32;
    %mod;
    %load/vec4 v0x61d93d3d8070_0;
    %pad/u 32;
    %cmp/u;
    %flag_or 5, 4;
    %flag_get/vec4 5;
    %jmp/0 T_32.11, 5;
    %load/vec4 v0x61d93d3d8760_0;
    %inv;
    %and;
T_32.11;
    %flag_set/vec4 8;
    %jmp/0xz  T_32.9, 8;
    %pushi/vec4 0, 0, 1;
    %assign/vec4 v0x61d93d3d6430_0, 0;
    %jmp T_32.10;
T_32.9 ;
    %load/vec4 v0x61d93d3d7240_0;
    %pad/u 32;
    %load/vec4 v0x61d93d3d74a0_0;
    %pad/u 32;
    %addi 1, 0, 32;
    %cmp/e;
    %flag_get/vec4 4;
    %jmp/0 T_32.15, 4;
    %load/vec4 v0x61d93d3d7560_0;
    %load/vec4 v0x61d93d3d8800_0;
    %cmp/e;
    %flag_get/vec4 4;
    %and;
T_32.15;
    %flag_set/vec4 9;
    %flag_get/vec4 9;
    %jmp/0 T_32.14, 9;
    %load/vec4 v0x61d93d3d8760_0;
    %and;
T_32.14;
    %flag_set/vec4 8;
    %jmp/0xz  T_32.12, 8;
    %vpi_call/w 3 208 "$display", "Test #1 passed" {0 0 0};
    %pushi/vec4 2, 0, 4;
    %assign/vec4 v0x61d93d3d8210_0, 0;
    %pushi/vec4 0, 0, 16;
    %assign/vec4 v0x61d93d3d8070_0, 0;
    %pushi/vec4 1, 0, 1;
    %assign/vec4 v0x61d93d3d6430_0, 0;
    %jmp T_32.13;
T_32.12 ;
    %load/vec4 v0x61d93d3d8760_0;
    %flag_set/vec4 9;
    %flag_get/vec4 9;
    %jmp/0 T_32.18, 9;
    %load/vec4 v0x61d93d3d8070_0;
    %pad/u 32;
    %pushi/vec4 0, 0, 32;
    %cmp/ne;
    %flag_get/vec4 4;
    %and;
T_32.18;
    %flag_set/vec4 8;
    %jmp/0xz  T_32.16, 8;
    %vpi_call/w 3 215 "$display", "Test #1 failed" {0 0 0};
    %vpi_call/w 3 216 "$stop" {0 0 0};
T_32.16 ;
T_32.13 ;
T_32.10 ;
    %jmp T_32.4;
T_32.1 ;
    %pushi/vec4 1, 0, 1;
    %assign/vec4 v0x61d93d3d7060_0, 0;
    %load/vec4 v0x61d93d3d8070_0;
    %pad/u 32;
    %cmpi/e 0, 0, 32;
    %jmp/0xz  T_32.19, 4;
    %load/vec4 v0x61d93d3d7240_0;
    %assign/vec4 v0x61d93d3d74a0_0, 0;
    %load/vec4 v0x61d93d3d8800_0;
    %assign/vec4 v0x61d93d3d7560_0, 0;
T_32.19 ;
    %load/vec4 v0x61d93d3d8760_0;
    %flag_set/vec4 8;
    %jmp/0xz  T_32.21, 8;
    %load/vec4 v0x61d93d3d8070_0;
    %addi 1, 0, 16;
    %assign/vec4 v0x61d93d3d8070_0, 0;
T_32.21 ;
    %vpi_func 3 233 "$random" 32 {0 0 0};
    %pushi/vec4 5000, 0, 32;
    %mod;
    %load/vec4 v0x61d93d3d8070_0;
    %pad/u 32;
    %cmp/u;
    %flag_or 5, 4;
    %flag_get/vec4 5;
    %jmp/0 T_32.25, 5;
    %load/vec4 v0x61d93d3d8760_0;
    %and;
T_32.25;
    %flag_set/vec4 8;
    %jmp/0xz  T_32.23, 8;
    %pushi/vec4 0, 0, 1;
    %assign/vec4 v0x61d93d3d6430_0, 0;
    %jmp T_32.24;
T_32.23 ;
    %load/vec4 v0x61d93d3d7240_0;
    %load/vec4 v0x61d93d3d74a0_0;
    %cmp/e;
    %flag_get/vec4 4;
    %jmp/0 T_32.29, 4;
    %load/vec4 v0x61d93d3d7560_0;
    %pad/u 32;
    %addi 1, 0, 32;
    %load/vec4 v0x61d93d3d8800_0;
    %pad/u 32;
    %cmp/e;
    %flag_get/vec4 4;
    %and;
T_32.29;
    %flag_set/vec4 9;
    %flag_get/vec4 9;
    %jmp/0 T_32.28, 9;
    %pushi/vec4 10000, 0, 16;
    %load/vec4 v0x61d93d3d8070_0;
    %cmp/u;
    %flag_get/vec4 4;
    %flag_get/vec4 5;
    %or;
    %and;
T_32.28;
    %flag_set/vec4 8;
    %jmp/0xz  T_32.26, 8;
    %vpi_call/w 3 237 "$display", "Test #2 passed" {0 0 0};
    %pushi/vec4 3, 0, 4;
    %assign/vec4 v0x61d93d3d8210_0, 0;
    %pushi/vec4 0, 0, 16;
    %assign/vec4 v0x61d93d3d8070_0, 0;
    %pushi/vec4 1, 0, 1;
    %assign/vec4 v0x61d93d3d6430_0, 0;
    %jmp T_32.27;
T_32.26 ;
    %load/vec4 v0x61d93d3d8070_0;
    %cmpi/u 10000, 0, 16;
    %flag_inv 5; GE is !LT
    %jmp/0xz  T_32.30, 5;
    %vpi_call/w 3 244 "$display", "Test #2 failed" {0 0 0};
    %vpi_call/w 3 245 "$stop" {0 0 0};
T_32.30 ;
T_32.27 ;
T_32.24 ;
    %jmp T_32.4;
T_32.2 ;
    %pushi/vec4 1, 0, 1;
    %assign/vec4 v0x61d93d3d7100_0, 0;
    %load/vec4 v0x61d93d3d8070_0;
    %pad/u 32;
    %cmpi/e 0, 0, 32;
    %jmp/0xz  T_32.32, 4;
    %load/vec4 v0x61d93d3d7240_0;
    %assign/vec4 v0x61d93d3d74a0_0, 0;
    %load/vec4 v0x61d93d3d8800_0;
    %assign/vec4 v0x61d93d3d7560_0, 0;
T_32.32 ;
    %load/vec4 v0x61d93d3d8760_0;
    %flag_set/vec4 8;
    %jmp/1 T_32.36, 8;
    %load/vec4 v0x61d93d3d8760_0;
    %inv;
    %flag_set/vec4 10;
    %flag_get/vec4 10;
    %jmp/0 T_32.37, 10;
    %load/vec4 v0x61d93d3d8070_0;
    %pad/u 32;
    %pushi/vec4 0, 0, 32;
    %cmp/ne;
    %flag_get/vec4 4;
    %and;
T_32.37;
    %flag_set/vec4 9;
    %flag_or 8, 9;
T_32.36;
    %jmp/0xz  T_32.34, 8;
    %load/vec4 v0x61d93d3d8070_0;
    %addi 1, 0, 16;
    %assign/vec4 v0x61d93d3d8070_0, 0;
T_32.34 ;
    %load/vec4 v0x61d93d3d8130_0;
    %pushi/vec4 2500, 0, 16;
    %mod;
    %load/vec4 v0x61d93d3d8070_0;
    %cmp/u;
    %flag_or 5, 4;
    %flag_get/vec4 5;
    %jmp/0 T_32.40, 5;
    %load/vec4 v0x61d93d3d8760_0;
    %and;
T_32.40;
    %flag_set/vec4 8;
    %jmp/0xz  T_32.38, 8;
    %pushi/vec4 0, 0, 1;
    %assign/vec4 v0x61d93d3d6430_0, 0;
    %jmp T_32.39;
T_32.38 ;
    %load/vec4 v0x61d93d3d6430_0;
    %inv;
    %flag_set/vec4 8;
    %jmp/0xz  T_32.41, 8;
    %pushi/vec4 1, 0, 1;
    %assign/vec4 v0x61d93d3d6430_0, 0;
    %jmp T_32.42;
T_32.41 ;
    %load/vec4 v0x61d93d3d8130_0;
    %load/vec4 v0x61d93d3d8070_0;
    %cmp/u;
    %flag_or 5, 4;
    %flag_get/vec4 5;
    %jmp/0 T_32.45, 5;
    %load/vec4 v0x61d93d3d8760_0;
    %inv;
    %and;
T_32.45;
    %flag_set/vec4 8;
    %jmp/0xz  T_32.43, 8;
    %pushi/vec4 0, 0, 1;
    %assign/vec4 v0x61d93d3d6430_0, 0;
    %load/vec4 v0x61d93d3d71a0_0;
    %ix/load 4, 1, 0;
    %flag_set/imm 4, 0;
    %shiftl 4;
    %assign/vec4 v0x61d93d3d71a0_0, 0;
T_32.43 ;
T_32.42 ;
T_32.39 ;
    %load/vec4 v0x61d93d3d7240_0;
    %pad/u 32;
    %load/vec4 v0x61d93d3d74a0_0;
    %pad/u 32;
    %addi 1, 0, 32;
    %cmp/e;
    %flag_get/vec4 4;
    %jmp/0 T_32.48, 4;
    %load/vec4 v0x61d93d3d7560_0;
    %pad/u 32;
    %addi 1, 0, 32;
    %load/vec4 v0x61d93d3d8800_0;
    %pad/u 32;
    %cmp/e;
    %flag_get/vec4 4;
    %and;
T_32.48;
    %flag_set/vec4 8;
    %jmp/0xz  T_32.46, 8;
    %vpi_call/w 3 273 "$display", "Test #3 passed" {0 0 0};
    %pushi/vec4 4, 0, 4;
    %assign/vec4 v0x61d93d3d8210_0, 0;
    %pushi/vec4 0, 0, 16;
    %assign/vec4 v0x61d93d3d8070_0, 0;
    %pushi/vec4 1, 0, 1;
    %assign/vec4 v0x61d93d3d6430_0, 0;
    %jmp T_32.47;
T_32.46 ;
    %load/vec4 v0x61d93d3d71a0_0;
    %pushi/vec4 0, 0, 3;
    %and;
    %cmpi/ne 0, 0, 3;
    %flag_get/vec4 4;
    %jmp/0 T_32.51, 4;
    %load/vec4 v0x61d93d3d8070_0;
    %pad/u 32;
    %pushi/vec4 0, 0, 32;
    %cmp/ne;
    %flag_get/vec4 4;
    %and;
T_32.51;
    %flag_set/vec4 8;
    %jmp/0xz  T_32.49, 8;
    %vpi_call/w 3 280 "$display", "Test #3 failed" {0 0 0};
    %vpi_call/w 3 281 "$stop" {0 0 0};
T_32.49 ;
T_32.47 ;
    %jmp T_32.4;
T_32.3 ;
    %load/vec4 v0x61d93d3d6430_0;
    %inv;
    %assign/vec4 v0x61d93d3d6430_0, 0;
    %load/vec4 v0x61d93d3d7240_0;
    %load/vec4 v0x61d93d3d8800_0;
    %cmp/ne;
    %jmp/0xz  T_32.52, 4;
    %vpi_call/w 3 289 "$display", "Decoder Output: %d %d %d %d", v0x61d93d3d86c0_0, v0x61d93d3d73e0_0, v0x61d93d3d7fb0_0, v0x61d93d3d7aa0_0 {0 0 0};
    %pushi/vec4 1, 0, 1;
    %assign/vec4 v0x61d93d3d88a0_0, 0;
T_32.52 ;
    %load/vec4 v0x61d93d3d88a0_0;
    %flag_set/vec4 8;
    %jmp/0xz  T_32.54, 8;
    %vpi_call/w 3 296 "$display", "### All tests Passed ###" {0 0 0};
    %vpi_call/w 3 297 "$display", "False clicks: %d | True clicks: %d", v0x61d93d3d4070_0, v0x61d93d3d4b60_0 {0 0 0};
    %pushi/vec4 1, 0, 4;
    %assign/vec4 v0x61d93d3d8210_0, 0;
    %pushi/vec4 0, 0, 1;
    %assign/vec4 v0x61d93d3d6b00_0, 0;
    %pushi/vec4 0, 0, 1;
    %assign/vec4 v0x61d93d3d88a0_0, 0;
    %vpi_call/w 3 301 "$stop" {0 0 0};
T_32.54 ;
    %jmp T_32.4;
T_32.4 ;
    %pop/vec4 1;
    %jmp T_32;
    .thread T_32;
# The file index is used to find the file name in the following table.
:file_names 12;
    "N/A";
    "<interactive>";
    "-";
    "perimeter_tb.v";
    "perimeter.v";
    "binaryToBCD4digit.v";
    "clkDivBy16384.v";
    "clickComparatorAndTrueFalseCounter.v";
    "seven_seg_decoder.v";
    "pseudoRandDecoderController_6b.v";
    "decoder6to64.v";
    "score_mux_4digit.v";
