#! /usr/bin/vvp
:ivl_version "12.0 (stable)";
:ivl_delay_selection "TYPICAL";
:vpi_time_precision - 9;
:vpi_module "/usr/lib/x86_64-linux-gnu/ivl/system.vpi";
:vpi_module "/usr/lib/x86_64-linux-gnu/ivl/vhdl_sys.vpi";
:vpi_module "/usr/lib/x86_64-linux-gnu/ivl/vhdl_textio.vpi";
:vpi_module "/usr/lib/x86_64-linux-gnu/ivl/v2005_math.vpi";
:vpi_module "/usr/lib/x86_64-linux-gnu/ivl/va_math.vpi";
:vpi_module "/usr/lib/x86_64-linux-gnu/ivl/v2009.vpi";
S_0x56e0b55b3590 .scope package, "$unit" "$unit" 2 1;
 .timescale 0 0;
S_0x56e0b55b2d70 .scope module, "tmp_pseudo_controller_check_tb" "tmp_pseudo_controller_check_tb" 3 3;
 .timescale -6 -9;
P_0x56e0b55e3260 .param/l "bitShift_delay" 1 3 13, C4<00000>;
P_0x56e0b55e32a0 .param/l "ledflashTime" 1 3 12, C4<0000000000001010>;
P_0x56e0b55e32e0 .param/l "maxVal_delay" 1 3 10, C4<0000000000010100>;
P_0x56e0b55e3320 .param/l "minVal_delay" 1 3 11, C4<0000000000000111>;
v0x56e0b5604da0_0 .net "_enOut", 0 0, L_0x56e0b55b1620;  1 drivers
v0x56e0b5604e60_0 .var "clk", 0 0;
v0x56e0b5604f00_0 .var/i "cyc", 31 0;
v0x56e0b5604fa0_0 .net "randOut", 0 5, L_0x56e0b5616730;  1 drivers
v0x56e0b5605060_0 .var "rst", 0 0;
v0x56e0b5605100_0 .var "seed", 0 15;
E_0x56e0b55cd3d0 .event posedge, v0x56e0b55b70e0_0;
S_0x56e0b55e50f0 .scope module, "dut" "pseudoRandDecoderController_6b" 3 17, 4 3 0, S_0x56e0b55b2d70;
 .timescale -6 -9;
    .port_info 0 /OUTPUT 6 "randOut";
    .port_info 1 /OUTPUT 1 "_enOut";
    .port_info 2 /INPUT 1 "clk";
    .port_info 3 /INPUT 16 "seed";
    .port_info 4 /INPUT 16 "maxVal_delay";
    .port_info 5 /INPUT 16 "minVal_delay";
    .port_info 6 /INPUT 16 "ledflashTime";
    .port_info 7 /INPUT 5 "bitShift_delay";
    .port_info 8 /INPUT 1 "rst";
P_0x56e0b55e2bb0 .param/l "bitShift_num" 1 4 27, C4<01010>;
P_0x56e0b55e2bf0 .param/l "increment" 1 4 24, C4<0011011000011001>;
P_0x56e0b55e2c30 .param/l "maxVal_num" 1 4 25, C4<0000000001000000>;
P_0x56e0b55e2c70 .param/l "minVal_num" 1 4 26, C4<0000000000000000>;
P_0x56e0b55e2cb0 .param/l "multiplier" 1 4 23, C4<0110001001010101>;
L_0x56e0b55b1620 .functor BUFZ 1, v0x56e0b5603200_0, C4<0>, C4<0>, C4<0>;
v0x56e0b5603be0_0 .net "_enOut", 0 0, L_0x56e0b55b1620;  alias, 1 drivers
L_0x71b06e986378 .functor BUFT 1, C4<00000>, C4<0>, C4<0>, C4<0>;
v0x56e0b5603cc0_0 .net "bitShift_delay", 0 4, L_0x71b06e986378;  1 drivers
v0x56e0b5603db0_0 .net "bitShift_w", 0 4, L_0x56e0b5615e80;  1 drivers
v0x56e0b5603ed0_0 .net "clk", 0 0, v0x56e0b5604e60_0;  1 drivers
L_0x71b06e986330 .functor BUFT 1, C4<0000000000001010>, C4<0>, C4<0>, C4<0>;
v0x56e0b5603fc0_0 .net "ledflashTime", 0 15, L_0x71b06e986330;  1 drivers
L_0x71b06e9862a0 .functor BUFT 1, C4<0000000000010100>, C4<0>, C4<0>, C4<0>;
v0x56e0b56040b0_0 .net "maxVal_delay", 0 15, L_0x71b06e9862a0;  1 drivers
v0x56e0b5604150_0 .net "maxVal_w", 0 15, L_0x56e0b5615c60;  1 drivers
L_0x71b06e9862e8 .functor BUFT 1, C4<0000000000000111>, C4<0>, C4<0>, C4<0>;
v0x56e0b5604240_0 .net "minVal_delay", 0 15, L_0x71b06e9862e8;  1 drivers
v0x56e0b5604300_0 .net "minVal_w", 0 15, L_0x56e0b5615d90;  1 drivers
v0x56e0b56043a0_0 .net "randDelayTime_w", 0 15, v0x56e0b5600c90_0;  1 drivers
v0x56e0b56044b0_0 .net "randNum_w", 0 15, v0x56e0b55b1880_0;  1 drivers
v0x56e0b56045c0_0 .net "randOut", 0 5, L_0x56e0b5616730;  alias, 1 drivers
v0x56e0b56046a0_0 .net "rst", 0 0, v0x56e0b5605060_0;  1 drivers
v0x56e0b5604740_0 .net "scalarModule_demux_w", 0 15, L_0x56e0b56165b0;  1 drivers
v0x56e0b5604850_0 .net "seed", 0 15, v0x56e0b5605100_0;  1 drivers
v0x56e0b5604910_0 .net "state_w", 0 0, v0x56e0b5603200_0;  1 drivers
v0x56e0b56049b0_0 .net "to64bitEncoder_w", 0 15, v0x56e0b5600bb0_0;  1 drivers
v0x56e0b5604b60_0 .net "trigger_w", 0 0, v0x56e0b5603580_0;  1 drivers
E_0x56e0b55ccab0 .event anyedge, v0x56e0b5600c90_0, v0x56e0b56020b0_0, v0x56e0b5602360_0;
L_0x56e0b5616730 .part v0x56e0b5600bb0_0, 0, 6;
S_0x56e0b55c7d10 .scope module, "genNextRand" "genNextRand_16b" 4 36, 4 148 0, S_0x56e0b55e50f0;
 .timescale -6 -9;
    .port_info 0 /OUTPUT 16 "randNum";
    .port_info 1 /INPUT 16 "multiplier";
    .port_info 2 /INPUT 16 "increment";
    .port_info 3 /INPUT 16 "seed";
    .port_info 4 /INPUT 1 "clk";
    .port_info 5 /INPUT 1 "trigger";
    .port_info 6 /INPUT 1 "rst";
v0x56e0b55b70e0_0 .net "clk", 0 0, v0x56e0b5604e60_0;  alias, 1 drivers
L_0x71b06e986060 .functor BUFT 1, C4<0011011000011001>, C4<0>, C4<0>, C4<0>;
v0x56e0b55b71b0_0 .net "increment", 0 15, L_0x71b06e986060;  1 drivers
L_0x71b06e986018 .functor BUFT 1, C4<0110001001010101>, C4<0>, C4<0>, C4<0>;
v0x56e0b55b1780_0 .net "multiplier", 0 15, L_0x71b06e986018;  1 drivers
v0x56e0b55b1880_0 .var "randNum", 0 15;
v0x56e0b5600300_0 .var "randNum_prev", 0 15;
v0x56e0b5600430_0 .net "rst", 0 0, v0x56e0b5605060_0;  alias, 1 drivers
v0x56e0b56004f0_0 .net "seed", 0 15, v0x56e0b5605100_0;  alias, 1 drivers
v0x56e0b56005d0_0 .net "trigger", 0 0, v0x56e0b5603580_0;  alias, 1 drivers
E_0x56e0b55a5780 .event posedge, v0x56e0b5600430_0, v0x56e0b55b70e0_0;
S_0x56e0b5600770 .scope module, "numDemux" "demux_16b" 4 76, 4 179 0, S_0x56e0b55e50f0;
 .timescale -6 -9;
    .port_info 0 /OUTPUT 16 "y_0";
    .port_info 1 /OUTPUT 16 "y_1";
    .port_info 2 /INPUT 16 "x";
    .port_info 3 /INPUT 1 "s";
    .port_info 4 /INPUT 1 "rst";
v0x56e0b5600990_0 .net "rst", 0 0, v0x56e0b5605060_0;  alias, 1 drivers
v0x56e0b5600a50_0 .net "s", 0 0, v0x56e0b5603200_0;  alias, 1 drivers
v0x56e0b5600af0_0 .net "x", 0 15, L_0x56e0b56165b0;  alias, 1 drivers
v0x56e0b5600bb0_0 .var "y_0", 0 15;
v0x56e0b5600c90_0 .var "y_1", 0 15;
E_0x56e0b55ccf60 .event anyedge, v0x56e0b5600430_0, v0x56e0b5600a50_0, v0x56e0b5600af0_0;
S_0x56e0b5600e60 .scope module, "scalarModule" "scaleToMinMaxRange_16b" 4 68, 4 221 0, S_0x56e0b55e50f0;
 .timescale -6 -9;
    .port_info 0 /OUTPUT 16 "outputNum";
    .port_info 1 /INPUT 16 "inputNum";
    .port_info 2 /INPUT 16 "maxVal";
    .port_info 3 /INPUT 16 "minVal";
    .port_info 4 /INPUT 5 "bitShift";
v0x56e0b5601060_0 .net *"_ivl_0", 15 0, L_0x56e0b5616060;  1 drivers
v0x56e0b5601160_0 .net *"_ivl_10", 15 0, L_0x56e0b56164c0;  1 drivers
L_0x71b06e986258 .functor BUFT 1, C4<0000000000000001>, C4<0>, C4<0>, C4<0>;
v0x56e0b5601240_0 .net/2u *"_ivl_2", 15 0, L_0x71b06e986258;  1 drivers
v0x56e0b5601300_0 .net *"_ivl_6", 0 0, L_0x56e0b5616350;  1 drivers
v0x56e0b56013c0_0 .net *"_ivl_8", 15 0, L_0x56e0b56163f0;  1 drivers
v0x56e0b56014f0_0 .net "bitShift", 0 4, L_0x56e0b5615e80;  alias, 1 drivers
v0x56e0b56015d0_0 .net "inputNum", 0 15, v0x56e0b55b1880_0;  alias, 1 drivers
v0x56e0b5601690_0 .net "maxVal", 0 15, L_0x56e0b5615c60;  alias, 1 drivers
v0x56e0b5601750_0 .net "minVal", 0 15, L_0x56e0b5615d90;  alias, 1 drivers
v0x56e0b5601830_0 .net "outputNum", 0 15, L_0x56e0b56165b0;  alias, 1 drivers
v0x56e0b5601920_0 .net "range_w", 0 15, L_0x56e0b56162b0;  1 drivers
E_0x56e0b55e3fa0 .event anyedge, v0x56e0b5601750_0, v0x56e0b5601690_0, v0x56e0b5600af0_0;
L_0x56e0b5616060 .arith/sub 16, L_0x56e0b5615c60, L_0x56e0b5615d90;
L_0x56e0b56162b0 .arith/sum 16, L_0x56e0b5616060, L_0x71b06e986258;
L_0x56e0b5616350 .cmp/ge 16, L_0x56e0b5615c60, L_0x56e0b5615d90;
L_0x56e0b56163f0 .arith/mod 16, v0x56e0b55b1880_0, L_0x56e0b56162b0;
L_0x56e0b56164c0 .arith/sum 16, L_0x56e0b5615d90, L_0x56e0b56163f0;
L_0x56e0b56165b0 .functor MUXZ 16, L_0x56e0b5615d90, L_0x56e0b56164c0, L_0x56e0b5616350, C4<>;
S_0x56e0b5601ab0 .scope module, "scalarMux" "minMaxScalarMux_16b" 4 55, 4 202 0, S_0x56e0b55e50f0;
 .timescale -6 -9;
    .port_info 0 /OUTPUT 16 "maxVal_out";
    .port_info 1 /OUTPUT 16 "minVal_out";
    .port_info 2 /OUTPUT 5 "bitShift_out";
    .port_info 3 /INPUT 16 "maxVal_0";
    .port_info 4 /INPUT 16 "minVal_0";
    .port_info 5 /INPUT 16 "maxVal_1";
    .port_info 6 /INPUT 16 "minVal_1";
    .port_info 7 /INPUT 5 "bitShift_0";
    .port_info 8 /INPUT 5 "bitShift_1";
    .port_info 9 /INPUT 1 "s";
L_0x71b06e986210 .functor BUFT 1, C4<01010>, C4<0>, C4<0>, C4<0>;
v0x56e0b5601d40_0 .net "bitShift_0", 0 4, L_0x71b06e986210;  1 drivers
v0x56e0b5601e40_0 .net "bitShift_1", 0 4, L_0x71b06e986378;  alias, 1 drivers
v0x56e0b5601f20_0 .net "bitShift_out", 0 4, L_0x56e0b5615e80;  alias, 1 drivers
L_0x71b06e986180 .functor BUFT 1, C4<0000000001000000>, C4<0>, C4<0>, C4<0>;
v0x56e0b5601ff0_0 .net "maxVal_0", 0 15, L_0x71b06e986180;  1 drivers
v0x56e0b56020b0_0 .net "maxVal_1", 0 15, L_0x71b06e9862a0;  alias, 1 drivers
v0x56e0b56021e0_0 .net "maxVal_out", 0 15, L_0x56e0b5615c60;  alias, 1 drivers
L_0x71b06e9861c8 .functor BUFT 1, C4<0000000000000000>, C4<0>, C4<0>, C4<0>;
v0x56e0b56022a0_0 .net "minVal_0", 0 15, L_0x71b06e9861c8;  1 drivers
v0x56e0b5602360_0 .net "minVal_1", 0 15, L_0x71b06e9862e8;  alias, 1 drivers
v0x56e0b5602440_0 .net "minVal_out", 0 15, L_0x56e0b5615d90;  alias, 1 drivers
v0x56e0b56025c0_0 .net "s", 0 0, v0x56e0b5603200_0;  alias, 1 drivers
L_0x56e0b5615c60 .functor MUXZ 16, L_0x71b06e986180, L_0x71b06e9862a0, v0x56e0b5603200_0, C4<>;
L_0x56e0b5615d90 .functor MUXZ 16, L_0x71b06e9861c8, L_0x71b06e9862e8, v0x56e0b5603200_0, C4<>;
L_0x56e0b5615e80 .functor MUXZ 5, L_0x71b06e986210, L_0x71b06e986378, v0x56e0b5603200_0, C4<>;
S_0x56e0b56027f0 .scope module, "stateControl" "stateController_1b" 4 46, 4 91 0, S_0x56e0b55e50f0;
 .timescale -6 -9;
    .port_info 0 /OUTPUT 1 "currentState";
    .port_info 1 /OUTPUT 1 "stateChangedTrigger";
    .port_info 2 /INPUT 16 "timeInState0";
    .port_info 3 /INPUT 16 "timeInState1";
    .port_info 4 /INPUT 1 "clk";
    .port_info 5 /INPUT 1 "rst";
L_0x56e0b55b6f80 .functor OR 1, L_0x56e0b5615870, L_0x56e0b5615a40, C4<0>, C4<0>;
L_0x71b06e9860a8 .functor BUFT 1, C4<0000000000000001>, C4<0>, C4<0>, C4<0>;
v0x56e0b5602b30_0 .net/2u *"_ivl_0", 15 0, L_0x71b06e9860a8;  1 drivers
L_0x71b06e986138 .functor BUFT 1, C4<0000000000000001>, C4<0>, C4<0>, C4<0>;
v0x56e0b5602c30_0 .net/2u *"_ivl_10", 15 0, L_0x71b06e986138;  1 drivers
L_0x71b06e9860f0 .functor BUFT 1, C4<0000000000000001>, C4<0>, C4<0>, C4<0>;
v0x56e0b5602d10_0 .net/2u *"_ivl_4", 15 0, L_0x71b06e9860f0;  1 drivers
v0x56e0b5602dd0_0 .net "beforeIsAtEnd0_w", 0 0, L_0x56e0b5615a40;  1 drivers
v0x56e0b5602e90_0 .net "beforeIsAtEnd1_w", 0 0, L_0x56e0b5615870;  1 drivers
v0x56e0b5602fa0_0 .net "beforetimeInState1_w", 0 15, L_0x56e0b5615320;  1 drivers
v0x56e0b5603080_0 .net "beforetotTime_w", 0 15, L_0x56e0b56155d0;  1 drivers
v0x56e0b5603160_0 .net "clk", 0 0, v0x56e0b5604e60_0;  alias, 1 drivers
v0x56e0b5603200_0 .var "currentState", 0 0;
v0x56e0b5603330_0 .net "isAtEnd0_w", 0 0, L_0x56e0b56159a0;  1 drivers
v0x56e0b56033d0_0 .net "isAtEnd1_w", 0 0, L_0x56e0b5615740;  1 drivers
v0x56e0b5603490_0 .net "rst", 0 0, v0x56e0b5605060_0;  alias, 1 drivers
v0x56e0b5603580_0 .var "stateChangedTrigger", 0 0;
v0x56e0b5603620_0 .net "timeInState0", 0 15, L_0x71b06e986330;  alias, 1 drivers
v0x56e0b56036e0_0 .net "timeInState1", 0 15, v0x56e0b5600c90_0;  alias, 1 drivers
v0x56e0b56037a0_0 .net "timeInState1_w", 0 15, L_0x56e0b5615200;  1 drivers
v0x56e0b5603860_0 .var "time_16b", 0 15;
v0x56e0b5603940_0 .net "totTime_w", 0 15, L_0x56e0b5615490;  1 drivers
v0x56e0b5603a20_0 .net "triggerEvent", 0 0, L_0x56e0b55b6f80;  1 drivers
E_0x56e0b5602ab0 .event posedge, v0x56e0b5603330_0, v0x56e0b5600430_0, v0x56e0b55b70e0_0;
L_0x56e0b5615200 .arith/sub 16, v0x56e0b5600c90_0, L_0x71b06e9860a8;
L_0x56e0b5615320 .arith/sub 16, L_0x56e0b5615200, L_0x71b06e9860f0;
L_0x56e0b5615490 .arith/sum 16, L_0x56e0b5615200, L_0x71b06e986330;
L_0x56e0b56155d0 .arith/sub 16, L_0x56e0b5615490, L_0x71b06e986138;
L_0x56e0b5615740 .cmp/eq 16, v0x56e0b5603860_0, L_0x56e0b5615200;
L_0x56e0b5615870 .cmp/eq 16, v0x56e0b5603860_0, L_0x56e0b5615320;
L_0x56e0b56159a0 .cmp/eq 16, v0x56e0b5603860_0, L_0x56e0b5615490;
L_0x56e0b5615a40 .cmp/eq 16, v0x56e0b5603860_0, L_0x56e0b56155d0;
    .scope S_0x56e0b55c7d10;
T_0 ;
    %wait E_0x56e0b55a5780;
    %load/vec4 v0x56e0b5600430_0;
    %flag_set/vec4 8;
    %jmp/0xz  T_0.0, 8;
    %load/vec4 v0x56e0b56004f0_0;
    %assign/vec4 v0x56e0b55b1880_0, 0;
    %jmp T_0.1;
T_0.0 ;
    %load/vec4 v0x56e0b56005d0_0;
    %flag_set/vec4 8;
    %jmp/0xz  T_0.2, 8;
    %load/vec4 v0x56e0b5600300_0;
    %load/vec4 v0x56e0b55b1780_0;
    %mul;
    %load/vec4 v0x56e0b55b71b0_0;
    %add;
    %assign/vec4 v0x56e0b55b1880_0, 0;
T_0.2 ;
T_0.1 ;
    %jmp T_0;
    .thread T_0;
    .scope S_0x56e0b55c7d10;
T_1 ;
    %wait E_0x56e0b55a5780;
    %load/vec4 v0x56e0b5600430_0;
    %flag_set/vec4 8;
    %jmp/0xz  T_1.0, 8;
    %load/vec4 v0x56e0b56004f0_0;
    %assign/vec4 v0x56e0b5600300_0, 0;
    %jmp T_1.1;
T_1.0 ;
    %load/vec4 v0x56e0b55b1880_0;
    %assign/vec4 v0x56e0b5600300_0, 0;
T_1.1 ;
    %jmp T_1;
    .thread T_1;
    .scope S_0x56e0b56027f0;
T_2 ;
    %wait E_0x56e0b5602ab0;
    %load/vec4 v0x56e0b5603490_0;
    %flag_set/vec4 8;
    %jmp/1 T_2.2, 8;
    %load/vec4 v0x56e0b5603330_0;
    %flag_set/vec4 9;
    %flag_or 8, 9;
T_2.2;
    %jmp/0xz  T_2.0, 8;
    %pushi/vec4 0, 0, 16;
    %assign/vec4 v0x56e0b5603860_0, 0;
    %pushi/vec4 1, 0, 1;
    %assign/vec4 v0x56e0b5603200_0, 0;
    %jmp T_2.1;
T_2.0 ;
    %load/vec4 v0x56e0b5603860_0;
    %addi 1, 0, 16;
    %assign/vec4 v0x56e0b5603860_0, 0;
    %load/vec4 v0x56e0b56033d0_0;
    %flag_set/vec4 8;
    %jmp/0xz  T_2.3, 8;
    %pushi/vec4 0, 0, 1;
    %assign/vec4 v0x56e0b5603200_0, 0;
T_2.3 ;
T_2.1 ;
    %jmp T_2;
    .thread T_2;
    .scope S_0x56e0b56027f0;
T_3 ;
    %wait E_0x56e0b55a5780;
    %load/vec4 v0x56e0b5603490_0;
    %flag_set/vec4 8;
    %jmp/0xz  T_3.0, 8;
    %pushi/vec4 0, 0, 1;
    %assign/vec4 v0x56e0b5603580_0, 0;
    %jmp T_3.1;
T_3.0 ;
    %load/vec4 v0x56e0b5603a20_0;
    %flag_set/vec4 8;
    %jmp/0xz  T_3.2, 8;
    %pushi/vec4 1, 0, 1;
    %assign/vec4 v0x56e0b5603580_0, 0;
    %jmp T_3.3;
T_3.2 ;
    %pushi/vec4 0, 0, 1;
    %assign/vec4 v0x56e0b5603580_0, 0;
T_3.3 ;
T_3.1 ;
    %jmp T_3;
    .thread T_3;
    .scope S_0x56e0b5600e60;
T_4 ;
    %wait E_0x56e0b55e3fa0;
    %load/vec4 v0x56e0b5601690_0;
    %load/vec4 v0x56e0b5601750_0;
    %cmp/u;
    %flag_or 5, 4;
    %jmp/0xz  T_4.0, 5;
    %vpi_call/w 4 232 "$display", "scaleToMinMaxRange_16b ERROR: minVal >= maxVal: minVal = %d; maxVal = %d", v0x56e0b5601690_0, v0x56e0b5601750_0 {0 0 0};
T_4.0 ;
    %load/vec4 v0x56e0b5601830_0;
    %load/vec4 v0x56e0b5601750_0;
    %cmp/u;
    %jmp/1 T_4.4, 5;
    %flag_mov 8, 5;
    %load/vec4 v0x56e0b5601690_0;
    %load/vec4 v0x56e0b5601830_0;
    %cmp/u;
    %flag_or 5, 8;
T_4.4;
    %jmp/0xz  T_4.2, 5;
    %vpi_call/w 4 236 "$display", "scaleToMinMaxRange_16b ERROR: output not in range: output = %d,  minVal = %d; maxVal = %d", v0x56e0b5601830_0, v0x56e0b5601690_0, v0x56e0b5601750_0 {0 0 0};
T_4.2 ;
    %jmp T_4;
    .thread T_4, $push;
    .scope S_0x56e0b5600770;
T_5 ;
    %wait E_0x56e0b55ccf60;
    %load/vec4 v0x56e0b5600990_0;
    %flag_set/vec4 8;
    %jmp/0xz  T_5.0, 8;
    %pushi/vec4 0, 0, 16;
    %store/vec4 v0x56e0b5600bb0_0, 0, 16;
    %pushi/vec4 65535, 0, 16;
    %store/vec4 v0x56e0b5600c90_0, 0, 16;
    %jmp T_5.1;
T_5.0 ;
    %load/vec4 v0x56e0b5600a50_0;
    %dup/vec4;
    %pushi/vec4 0, 0, 1;
    %cmp/u;
    %jmp/1 T_5.2, 6;
    %dup/vec4;
    %pushi/vec4 1, 0, 1;
    %cmp/u;
    %jmp/1 T_5.3, 6;
    %jmp T_5.4;
T_5.2 ;
    %load/vec4 v0x56e0b5600af0_0;
    %store/vec4 v0x56e0b5600bb0_0, 0, 16;
    %jmp T_5.4;
T_5.3 ;
    %load/vec4 v0x56e0b5600af0_0;
    %store/vec4 v0x56e0b5600c90_0, 0, 16;
    %jmp T_5.4;
T_5.4 ;
    %pop/vec4 1;
T_5.1 ;
    %jmp T_5;
    .thread T_5, $push;
    .scope S_0x56e0b55e50f0;
T_6 ;
    %wait E_0x56e0b55ccab0;
    %load/vec4 v0x56e0b56040b0_0;
    %load/vec4 v0x56e0b56043a0_0;
    %cmp/u;
    %jmp/1 T_6.2, 5;
    %flag_mov 8, 5;
    %load/vec4 v0x56e0b56043a0_0;
    %load/vec4 v0x56e0b5604240_0;
    %cmp/u;
    %flag_or 5, 8;
T_6.2;
    %jmp/0xz  T_6.0, 5;
    %vpi_call/w 4 32 "$display", "ERROR: randDelayTime_w outside of %d-%d range: randDelayTime_w = %d", v0x56e0b5604240_0, v0x56e0b56040b0_0, v0x56e0b56043a0_0 {0 0 0};
T_6.0 ;
    %jmp T_6;
    .thread T_6, $push;
    .scope S_0x56e0b55b2d70;
T_7 ;
    %pushi/vec4 0, 0, 1;
    %store/vec4 v0x56e0b5604e60_0, 0, 1;
    %pushi/vec4 1, 0, 1;
    %store/vec4 v0x56e0b5605060_0, 0, 1;
    %pushi/vec4 40267, 0, 16;
    %store/vec4 v0x56e0b5605100_0, 0, 16;
    %pushi/vec4 0, 0, 32;
    %store/vec4 v0x56e0b5604f00_0, 0, 32;
    %delay 2000, 0;
    %pushi/vec4 0, 0, 1;
    %store/vec4 v0x56e0b5605060_0, 0, 1;
    %end;
    .thread T_7;
    .scope S_0x56e0b55b2d70;
T_8 ;
    %delay 500, 0;
    %load/vec4 v0x56e0b5604e60_0;
    %inv;
    %store/vec4 v0x56e0b5604e60_0, 0, 1;
    %jmp T_8;
    .thread T_8;
    .scope S_0x56e0b55b2d70;
T_9 ;
    %wait E_0x56e0b55cd3d0;
    %load/vec4 v0x56e0b5605060_0;
    %nor/r;
    %flag_set/vec4 8;
    %jmp/0xz  T_9.0, 8;
    %load/vec4 v0x56e0b5604f00_0;
    %addi 1, 0, 32;
    %assign/vec4 v0x56e0b5604f00_0, 0;
    %load/vec4 v0x56e0b5604da0_0;
    %flag_set/vec4 8;
    %jmp/0xz  T_9.2, 8;
    %load/vec4 v0x56e0b56043a0_0;
    %cmpi/u 7, 0, 16;
    %jmp/1 T_9.6, 5;
    %flag_mov 8, 5;
    %load/vec4 v0x56e0b56043a0_0;
    %cmpi/u 20, 0, 16;
    %flag_or 5, 4; GT is !LE
    %flag_inv 5;
    %flag_or 5, 8;
T_9.6;
    %jmp/0xz  T_9.4, 5;
    %vpi_call/w 3 46 "$display", "FAIL: randDelayTime_w out of range at cycle %0d: %0d", v0x56e0b5604f00_0, v0x56e0b56043a0_0 {0 0 0};
    %vpi_call/w 3 47 "$finish" {0 0 0};
T_9.4 ;
T_9.2 ;
    %load/vec4 v0x56e0b5604f00_0;
    %cmpi/e 500, 0, 32;
    %jmp/0xz  T_9.7, 4;
    %vpi_call/w 3 52 "$display", "PASS: controller modulo scaling stays within [%0d, %0d]", P_0x56e0b55e3320, P_0x56e0b55e32e0 {0 0 0};
    %vpi_call/w 3 53 "$finish" {0 0 0};
T_9.7 ;
T_9.0 ;
    %jmp T_9;
    .thread T_9;
# The file index is used to find the file name in the following table.
:file_names 5;
    "N/A";
    "<interactive>";
    "-";
    "testbenches/tmp_pseudo_controller_check_tb.v";
    "pseudoRandDecoderController_6b.v";
